warning: The `extra-build-dependencies` option is experimental and may change without warning. Pass `--preview-features extra-build-dependencies` to disable this warning.
2026-06-03 13:24:07,423 INFO iot_flink_pipeline.flink.jobs.table_only_upsert_job - Starting job: Table sources/join/window -> upsert-kafka sink
2026-06-03 13:24:08,909 INFO apache_beam.typehints.native_type_compatibility - Using Any for unsupported type: typing.Sequence[~T]
2026-06-03 13:24:09,025 INFO apache_beam.io.gcp.bigquery - No module named google.cloud.bigquery_storage_v1. As a result, the ReadFromBigQuery transform *CANNOT* be used with `method=DIRECT_READ`.
Traceback (most recent call last):
  File "/Users/dmitrijkanevskij/VS_CodeProjects/coding/production/courses/ftiad_big_data/iot_flink_pipeline/.venv/bin/run-flink-table-upsert-job", line 10, in <module>
    sys.exit(main())
             ^^^^^^
  File "/Users/dmitrijkanevskij/VS_CodeProjects/coding/production/courses/ftiad_big_data/iot_flink_pipeline/src/iot_flink_pipeline/entrypoints/run_flink_table_upsert_job.py", line 7, in main
    run()
  File "/Users/dmitrijkanevskij/VS_CodeProjects/coding/production/courses/ftiad_big_data/iot_flink_pipeline/src/iot_flink_pipeline/flink/jobs/table_only_upsert_job.py", line 62, in run
    run_table_window_upsert(t_env)
  File "/Users/dmitrijkanevskij/VS_CodeProjects/coding/production/courses/ftiad_big_data/iot_flink_pipeline/src/iot_flink_pipeline/flink/jobs/table_only_upsert_job.py", line 19, in run_table_window_upsert
    result = t_env.execute_sql(
             ^^^^^^^^^^^^^^^^^^
  File "/Users/dmitrijkanevskij/VS_CodeProjects/coding/production/courses/ftiad_big_data/iot_flink_pipeline/.venv/lib/python3.11/site-packages/pyflink/table/table_environment.py", line 771, in execute_sql
    return TableResult(self._j_tenv.executeSql(stmt))
                       ^^^^^^^^^^^^^^^^^^^^^^^^^^^^^
  File "/Users/dmitrijkanevskij/VS_CodeProjects/coding/production/courses/ftiad_big_data/iot_flink_pipeline/.venv/lib/python3.11/site-packages/py4j/java_gateway.py", line 1322, in __call__
    return_value = get_return_value(
                   ^^^^^^^^^^^^^^^^^
  File "/Users/dmitrijkanevskij/VS_CodeProjects/coding/production/courses/ftiad_big_data/iot_flink_pipeline/.venv/lib/python3.11/site-packages/pyflink/util/exceptions.py", line 162, in deco
    return f(*a, **kw)
           ^^^^^^^^^^^
  File "/Users/dmitrijkanevskij/VS_CodeProjects/coding/production/courses/ftiad_big_data/iot_flink_pipeline/.venv/lib/python3.11/site-packages/py4j/protocol.py", line 326, in get_return_value
    raise Py4JJavaError(
py4j.protocol.Py4JJavaError: An error occurred while calling o38.executeSql.
: java.lang.RuntimeException: Error while applying rule StreamPhysicalWindowTableFunctionRule(in:LOGICAL,out:STREAM_PHYSICAL), args [rel#975:FlinkLogicalTableFunctionScan.LOGICAL.any.None: 0.[NONE].[NONE](input#0=RelSubset#973,invocation=TUMBLE(TABLE(#0), DESCRIPTOR($3), 60000:INTERVAL MINUTE),rowType=RecordType(SMALLINT manufacturer_id, VARCHAR(2147483647) manufacturer_name, VARCHAR(2147483647) country, TIMESTAMP(3) *ROWTIME* event_ts, DOUBLE temperature, DOUBLE humidity, TIMESTAMP(3) window_start, TIMESTAMP(3) window_end, TIMESTAMP(3) *ROWTIME* window_time))]
	at org.apache.calcite.plan.volcano.VolcanoRuleCall.onMatch(VolcanoRuleCall.java:250)
	at org.apache.calcite.plan.volcano.IterativeRuleDriver.drive(IterativeRuleDriver.java:59)
	at org.apache.calcite.plan.volcano.VolcanoPlanner.findBestExp(VolcanoPlanner.java:523)
	at org.apache.calcite.tools.Programs$RuleSetProgram.run(Programs.java:317)
	at org.apache.flink.table.planner.plan.optimize.program.FlinkVolcanoProgram.optimize(FlinkVolcanoProgram.scala:62)
	at org.apache.flink.table.planner.plan.optimize.program.FlinkChainedProgram.$anonfun$optimize$1(FlinkChainedProgram.scala:59)
	at scala.collection.TraversableOnce$folder$1.apply(TraversableOnce.scala:196)
	at scala.collection.TraversableOnce$folder$1.apply(TraversableOnce.scala:194)
	at scala.collection.Iterator.foreach(Iterator.scala:943)
	at scala.collection.Iterator.foreach$(Iterator.scala:943)
	at scala.collection.AbstractIterator.foreach(Iterator.scala:1431)
	at scala.collection.IterableLike.foreach(IterableLike.scala:74)
	at scala.collection.IterableLike.foreach$(IterableLike.scala:73)
	at scala.collection.AbstractIterable.foreach(Iterable.scala:56)
	at scala.collection.TraversableOnce.foldLeft(TraversableOnce.scala:199)
	at scala.collection.TraversableOnce.foldLeft$(TraversableOnce.scala:192)
	at scala.collection.AbstractTraversable.foldLeft(Traversable.scala:108)
	at org.apache.flink.table.planner.plan.optimize.program.FlinkChainedProgram.optimize(FlinkChainedProgram.scala:55)
	at org.apache.flink.table.planner.plan.optimize.StreamCommonSubGraphBasedOptimizer.optimizeTree(StreamCommonSubGraphBasedOptimizer.scala:196)
	at org.apache.flink.table.planner.plan.optimize.StreamCommonSubGraphBasedOptimizer.optimizeSinkBlocks(StreamCommonSubGraphBasedOptimizer.scala:83)
	at org.apache.flink.table.planner.plan.optimize.StreamCommonSubGraphBasedOptimizer.doOptimize(StreamCommonSubGraphBasedOptimizer.scala:118)
	at org.apache.flink.table.planner.plan.optimize.CommonSubGraphBasedOptimizer.optimize(CommonSubGraphBasedOptimizer.scala:87)
	at org.apache.flink.table.planner.delegation.PlannerBase.optimize(PlannerBase.scala:390)
	at org.apache.flink.table.planner.delegation.PlannerBase.translate(PlannerBase.scala:183)
	at org.apache.flink.table.api.internal.TableEnvironmentImpl.translate(TableEnvironmentImpl.java:1352)
	at org.apache.flink.table.api.internal.TableEnvironmentImpl.executeInternal(TableEnvironmentImpl.java:930)
	at org.apache.flink.table.api.internal.TableEnvironmentImpl.executeInternal(TableEnvironmentImpl.java:1160)
	at org.apache.flink.table.api.internal.TableEnvironmentImpl.executeSql(TableEnvironmentImpl.java:791)
	at java.base/jdk.internal.reflect.NativeMethodAccessorImpl.invoke0(Native Method)
	at java.base/jdk.internal.reflect.NativeMethodAccessorImpl.invoke(NativeMethodAccessorImpl.java:77)
	at java.base/jdk.internal.reflect.DelegatingMethodAccessorImpl.invoke(DelegatingMethodAccessorImpl.java:43)
	at java.base/java.lang.reflect.Method.invoke(Method.java:568)
	at org.apache.flink.api.python.shaded.py4j.reflection.MethodInvoker.invoke(MethodInvoker.java:244)
	at org.apache.flink.api.python.shaded.py4j.reflection.ReflectionEngine.invoke(ReflectionEngine.java:374)
	at org.apache.flink.api.python.shaded.py4j.Gateway.invoke(Gateway.java:282)
	at org.apache.flink.api.python.shaded.py4j.commands.AbstractCommand.invokeMethod(AbstractCommand.java:132)
	at org.apache.flink.api.python.shaded.py4j.commands.CallCommand.execute(CallCommand.java:79)
	at org.apache.flink.api.python.shaded.py4j.GatewayConnection.run(GatewayConnection.java:238)
	at java.base/java.lang.Thread.run(Thread.java:842)
Caused by: org.apache.flink.table.api.ValidationException: The window function requires the timecol is a time attribute type, but is TIMESTAMP(3).
	at org.apache.flink.table.planner.plan.utils.WindowUtil$.validateTimeFieldWithTimeAttribute(WindowUtil.scala:184)
	at org.apache.flink.table.planner.plan.rules.physical.stream.StreamPhysicalWindowTableFunctionRule.convert(StreamPhysicalWindowTableFunctionRule.scala:60)
	at org.apache.calcite.rel.convert.ConverterRule.onMatch(ConverterRule.java:172)
	at org.apache.calcite.plan.volcano.VolcanoRuleCall.onMatch(VolcanoRuleCall.java:223)
	... 38 more

