warning: The `extra-build-dependencies` option is experimental and may change without warning. Pass `--preview-features extra-build-dependencies` to disable this warning.
2026-06-03 14:04:13,520 INFO iot_flink_pipeline.flink.jobs.pure_datastream_job - Starting job: pure DataStream Kafka -> broadcast PG ref -> event-time window -> Kafka
2026-06-03 14:04:15,223 INFO apache_beam.typehints.native_type_compatibility - Using Any for unsupported type: typing.Sequence[~T]
2026-06-03 14:04:15,360 INFO apache_beam.io.gcp.bigquery - No module named google.cloud.bigquery_storage_v1. As a result, the ReadFromBigQuery transform *CANNOT* be used with `method=DIRECT_READ`.
Traceback (most recent call last):
  File "/Users/dmitrijkanevskij/VS_CodeProjects/coding/production/courses/ftiad_big_data/iot_flink_pipeline/.venv/bin/run-flink-pure-datastream-job", line 10, in <module>
    sys.exit(main())
             ^^^^^^
  File "/Users/dmitrijkanevskij/VS_CodeProjects/coding/production/courses/ftiad_big_data/iot_flink_pipeline/src/iot_flink_pipeline/entrypoints/run_flink_pure_datastream_job.py", line 7, in main
    run()
  File "/Users/dmitrijkanevskij/VS_CodeProjects/coding/production/courses/ftiad_big_data/iot_flink_pipeline/src/iot_flink_pipeline/flink/jobs/pure_datastream_job.py", line 270, in run
    env.execute("pure-datastream-event-time-window-kafka-job")
  File "/Users/dmitrijkanevskij/VS_CodeProjects/coding/production/courses/ftiad_big_data/iot_flink_pipeline/.venv/lib/python3.11/site-packages/pyflink/datastream/stream_execution_environment.py", line 622, in execute
    return JobExecutionResult(self._j_stream_execution_environment.execute(j_stream_graph))
                              ^^^^^^^^^^^^^^^^^^^^^^^^^^^^^^^^^^^^^^^^^^^^^^^^^^^^^^^^^^^^
  File "/Users/dmitrijkanevskij/VS_CodeProjects/coding/production/courses/ftiad_big_data/iot_flink_pipeline/.venv/lib/python3.11/site-packages/py4j/java_gateway.py", line 1321, in __call__
    answer = self.gateway_client.send_command(command)
             ^^^^^^^^^^^^^^^^^^^^^^^^^^^^^^^^^^^^^^^^^
  File "/Users/dmitrijkanevskij/VS_CodeProjects/coding/production/courses/ftiad_big_data/iot_flink_pipeline/.venv/lib/python3.11/site-packages/py4j/java_gateway.py", line 1038, in send_command
    response = connection.send_command(command)
               ^^^^^^^^^^^^^^^^^^^^^^^^^^^^^^^^
  File "/Users/dmitrijkanevskij/VS_CodeProjects/coding/production/courses/ftiad_big_data/iot_flink_pipeline/.venv/lib/python3.11/site-packages/py4j/java_gateway.py", line 1217, in send_command
    answer = smart_decode(self.stream.readline()[:-1])
                          ^^^^^^^^^^^^^^^^^^^^^^
  File "/Users/dmitrijkanevskij/.pyenv/versions/3.11.8/lib/python3.11/socket.py", line 706, in readinto
    return self._sock.recv_into(b)
           ^^^^^^^^^^^^^^^^^^^^^^^
KeyboardInterrupt
