warning: The `extra-build-dependencies` option is experimental and may change without warning. Pass `--preview-features extra-build-dependencies` to disable this warning.
2026-06-03 14:14:10,664 INFO iot_flink_pipeline.flink.jobs.table_join_to_datastream_kafka_job - Starting job: Table sources/join -> DataStream event-time window -> Kafka sink
2026-06-03 14:14:11,953 INFO apache_beam.typehints.native_type_compatibility - Using Any for unsupported type: typing.Sequence[~T]
2026-06-03 14:14:12,060 INFO apache_beam.io.gcp.bigquery - No module named google.cloud.bigquery_storage_v1. As a result, the ReadFromBigQuery transform *CANNOT* be used with `method=DIRECT_READ`.
Traceback (most recent call last):
  File "/Users/dmitrijkanevskij/VS_CodeProjects/coding/production/courses/ftiad_big_data/iot_flink_pipeline/.venv/lib/python3.11/site-packages/apache_beam/runners/worker/sdk_worker.py", line 311, in _execute
    response = task()
               ^^^^^^
  File "/Users/dmitrijkanevskij/VS_CodeProjects/coding/production/courses/ftiad_big_data/iot_flink_pipeline/.venv/lib/python3.11/site-packages/apache_beam/runners/worker/sdk_worker.py", line 386, in <lambda>
    lambda: self.create_worker().do_instruction(request), request)
            ^^^^^^^^^^^^^^^^^^^^^^^^^^^^^^^^^^^^^^^^^^^^
  File "/Users/dmitrijkanevskij/VS_CodeProjects/coding/production/courses/ftiad_big_data/iot_flink_pipeline/.venv/lib/python3.11/site-packages/apache_beam/runners/worker/sdk_worker.py", line 656, in do_instruction
    return getattr(self, request_type)(
           ^^^^^^^^^^^^^^^^^^^^^^^^^^^^
  File "/Users/dmitrijkanevskij/VS_CodeProjects/coding/production/courses/ftiad_big_data/iot_flink_pipeline/.venv/lib/python3.11/site-packages/apache_beam/runners/worker/sdk_worker.py", line 687, in process_bundle
    bundle_processor = self.bundle_processor_cache.get(
                       ^^^^^^^^^^^^^^^^^^^^^^^^^^^^^^^^
  File "/Users/dmitrijkanevskij/VS_CodeProjects/coding/production/courses/ftiad_big_data/iot_flink_pipeline/.venv/lib/python3.11/site-packages/apache_beam/runners/worker/sdk_worker.py", line 510, in get
    processor = bundle_processor.BundleProcessor(
                ^^^^^^^^^^^^^^^^^^^^^^^^^^^^^^^^^
  File "/Users/dmitrijkanevskij/VS_CodeProjects/coding/production/courses/ftiad_big_data/iot_flink_pipeline/.venv/lib/python3.11/site-packages/apache_beam/runners/worker/bundle_processor.py", line 1133, in __init__
    self.ops = self.create_execution_tree(self.process_bundle_descriptor)
               ^^^^^^^^^^^^^^^^^^^^^^^^^^^^^^^^^^^^^^^^^^^^^^^^^^^^^^^^^^
  File "/Users/dmitrijkanevskij/VS_CodeProjects/coding/production/courses/ftiad_big_data/iot_flink_pipeline/.venv/lib/python3.11/site-packages/apache_beam/runners/worker/bundle_processor.py", line 1190, in create_execution_tree
    return collections.OrderedDict([(
                                   ^^
  File "/Users/dmitrijkanevskij/VS_CodeProjects/coding/production/courses/ftiad_big_data/iot_flink_pipeline/.venv/lib/python3.11/site-packages/apache_beam/runners/worker/bundle_processor.py", line 1193, in <listcomp>
    get_operation(transform_id))) for transform_id in sorted(
    ^^^^^^^^^^^^^^^^^^^^^^^^^^^
  File "/Users/dmitrijkanevskij/VS_CodeProjects/coding/production/courses/ftiad_big_data/iot_flink_pipeline/.venv/lib/python3.11/site-packages/apache_beam/runners/worker/bundle_processor.py", line 1038, in wrapper
    result = cache[args] = func(*args)
                           ^^^^^^^^^^^
  File "/Users/dmitrijkanevskij/VS_CodeProjects/coding/production/courses/ftiad_big_data/iot_flink_pipeline/.venv/lib/python3.11/site-packages/apache_beam/runners/worker/bundle_processor.py", line 1167, in get_operation
    transform_consumers = {
                          ^
  File "/Users/dmitrijkanevskij/VS_CodeProjects/coding/production/courses/ftiad_big_data/iot_flink_pipeline/.venv/lib/python3.11/site-packages/apache_beam/runners/worker/bundle_processor.py", line 1168, in <dictcomp>
    tag: [get_operation(op) for op in pcoll_consumers[pcoll_id]]
         ^^^^^^^^^^^^^^^^^^^^^^^^^^^^^^^^^^^^^^^^^^^^^^^^^^^^^^^
  File "/Users/dmitrijkanevskij/VS_CodeProjects/coding/production/courses/ftiad_big_data/iot_flink_pipeline/.venv/lib/python3.11/site-packages/apache_beam/runners/worker/bundle_processor.py", line 1168, in <listcomp>
    tag: [get_operation(op) for op in pcoll_consumers[pcoll_id]]
          ^^^^^^^^^^^^^^^^^
  File "/Users/dmitrijkanevskij/VS_CodeProjects/coding/production/courses/ftiad_big_data/iot_flink_pipeline/.venv/lib/python3.11/site-packages/apache_beam/runners/worker/bundle_processor.py", line 1038, in wrapper
    result = cache[args] = func(*args)
                           ^^^^^^^^^^^
  File "/Users/dmitrijkanevskij/VS_CodeProjects/coding/production/courses/ftiad_big_data/iot_flink_pipeline/.venv/lib/python3.11/site-packages/apache_beam/runners/worker/bundle_processor.py", line 1178, in get_operation
    return transform_factory.create_operation(
           ^^^^^^^^^^^^^^^^^^^^^^^^^^^^^^^^^^^
  File "/Users/dmitrijkanevskij/VS_CodeProjects/coding/production/courses/ftiad_big_data/iot_flink_pipeline/.venv/lib/python3.11/site-packages/apache_beam/runners/worker/bundle_processor.py", line 1498, in create_operation
    return creator(self, transform_id, transform_proto, payload, consumers)
           ^^^^^^^^^^^^^^^^^^^^^^^^^^^^^^^^^^^^^^^^^^^^^^^^^^^^^^^^^^^^^^^^
  File "/Users/dmitrijkanevskij/VS_CodeProjects/coding/production/courses/ftiad_big_data/iot_flink_pipeline/.venv/lib/python3.11/site-packages/pyflink/fn_execution/beam/beam_operations.py", line 137, in create_data_stream_keyed_process_function
    return _create_user_defined_function_operation(
           ^^^^^^^^^^^^^^^^^^^^^^^^^^^^^^^^^^^^^^^^
  File "/Users/dmitrijkanevskij/VS_CodeProjects/coding/production/courses/ftiad_big_data/iot_flink_pipeline/.venv/lib/python3.11/site-packages/pyflink/fn_execution/beam/beam_operations.py", line 207, in _create_user_defined_function_operation
    return beam_operation_cls(
           ^^^^^^^^^^^^^^^^^^^
  File "pyflink/fn_execution/beam/beam_operations_fast.pyx", line 249, in pyflink.fn_execution.beam.beam_operations_fast.StatefulFunctionOperation.__init__
  File "pyflink/fn_execution/beam/beam_operations_fast.pyx", line 132, in pyflink.fn_execution.beam.beam_operations_fast.FunctionOperation.__init__
  File "/Users/dmitrijkanevskij/VS_CodeProjects/coding/production/courses/ftiad_big_data/iot_flink_pipeline/.venv/lib/python3.11/site-packages/pyflink/fn_execution/datastream/process/operations.py", line 127, in open
    self.open_func()
  File "/Users/dmitrijkanevskij/VS_CodeProjects/coding/production/courses/ftiad_big_data/iot_flink_pipeline/.venv/lib/python3.11/site-packages/pyflink/fn_execution/datastream/process/operations.py", line 430, in open_func
    window_operator.open(runtime_context, internal_timer_service)
  File "/Users/dmitrijkanevskij/VS_CodeProjects/coding/production/courses/ftiad_big_data/iot_flink_pipeline/.venv/lib/python3.11/site-packages/pyflink/fn_execution/datastream/window/window_operator.py", line 319, in open
    self.window_state = get_or_create_keyed_state(
                        ^^^^^^^^^^^^^^^^^^^^^^^^^^
  File "/Users/dmitrijkanevskij/VS_CodeProjects/coding/production/courses/ftiad_big_data/iot_flink_pipeline/.venv/lib/python3.11/site-packages/pyflink/fn_execution/datastream/window/window_operator.py", line 44, in get_or_create_keyed_state
    state = runtime_context.get_list_state(state_descriptor)
            ^^^^^^^^^^^^^^^^^^^^^^^^^^^^^^^^^^^^^^^^^^^^^^^^
  File "/Users/dmitrijkanevskij/VS_CodeProjects/coding/production/courses/ftiad_big_data/iot_flink_pipeline/.venv/lib/python3.11/site-packages/pyflink/fn_execution/datastream/process/runtime_context.py", line 115, in get_list_state
    array_coder = from_type_info(state_descriptor.type_info)  # type: GenericArrayCoder
                  ^^^^^^^^^^^^^^^^^^^^^^^^^^^^^^^^^^^^^^^^^^
  File "/Users/dmitrijkanevskij/VS_CodeProjects/coding/production/courses/ftiad_big_data/iot_flink_pipeline/.venv/lib/python3.11/site-packages/pyflink/fn_execution/coders.py", line 809, in from_type_info
    return GenericArrayCoder(from_type_info(type_info.elem_type))
                             ^^^^^^^^^^^^^^^^^^^^^^^^^^^^^^^^^^^
  File "/Users/dmitrijkanevskij/VS_CodeProjects/coding/production/courses/ftiad_big_data/iot_flink_pipeline/.venv/lib/python3.11/site-packages/pyflink/fn_execution/coders.py", line 821, in from_type_info
    return from_type_info(type_info._type_info)
           ^^^^^^^^^^^^^^^^^^^^^^^^^^^^^^^^^^^^
  File "/Users/dmitrijkanevskij/VS_CodeProjects/coding/production/courses/ftiad_big_data/iot_flink_pipeline/.venv/lib/python3.11/site-packages/pyflink/fn_execution/coders.py", line 818, in from_type_info
    [from_type_info(f) for f in type_info.get_field_types()],
    ^^^^^^^^^^^^^^^^^^^^^^^^^^^^^^^^^^^^^^^^^^^^^^^^^^^^^^^^
  File "/Users/dmitrijkanevskij/VS_CodeProjects/coding/production/courses/ftiad_big_data/iot_flink_pipeline/.venv/lib/python3.11/site-packages/pyflink/fn_execution/coders.py", line 818, in <listcomp>
    [from_type_info(f) for f in type_info.get_field_types()],
     ^^^^^^^^^^^^^^^^^
  File "/Users/dmitrijkanevskij/VS_CodeProjects/coding/production/courses/ftiad_big_data/iot_flink_pipeline/.venv/lib/python3.11/site-packages/pyflink/fn_execution/coders.py", line 825, in from_type_info
    raise ValueError("Unsupported type_info %s." % type_info)
ValueError: Unsupported type_info LocalTimeTypeInfo<LOCAL_DATE_TIME>.

Traceback (most recent call last):
  File "/Users/dmitrijkanevskij/VS_CodeProjects/coding/production/courses/ftiad_big_data/iot_flink_pipeline/.venv/lib/python3.11/site-packages/apache_beam/runners/worker/sdk_worker.py", line 311, in _execute
    response = task()
               ^^^^^^
  File "/Users/dmitrijkanevskij/VS_CodeProjects/coding/production/courses/ftiad_big_data/iot_flink_pipeline/.venv/lib/python3.11/site-packages/apache_beam/runners/worker/sdk_worker.py", line 386, in <lambda>
    lambda: self.create_worker().do_instruction(request), request)
            ^^^^^^^^^^^^^^^^^^^^^^^^^^^^^^^^^^^^^^^^^^^^
  File "/Users/dmitrijkanevskij/VS_CodeProjects/coding/production/courses/ftiad_big_data/iot_flink_pipeline/.venv/lib/python3.11/site-packages/apache_beam/runners/worker/sdk_worker.py", line 656, in do_instruction
    return getattr(self, request_type)(
           ^^^^^^^^^^^^^^^^^^^^^^^^^^^^
  File "/Users/dmitrijkanevskij/VS_CodeProjects/coding/production/courses/ftiad_big_data/iot_flink_pipeline/.venv/lib/python3.11/site-packages/apache_beam/runners/worker/sdk_worker.py", line 687, in process_bundle
    bundle_processor = self.bundle_processor_cache.get(
                       ^^^^^^^^^^^^^^^^^^^^^^^^^^^^^^^^
  File "/Users/dmitrijkanevskij/VS_CodeProjects/coding/production/courses/ftiad_big_data/iot_flink_pipeline/.venv/lib/python3.11/site-packages/apache_beam/runners/worker/sdk_worker.py", line 510, in get
    processor = bundle_processor.BundleProcessor(
                ^^^^^^^^^^^^^^^^^^^^^^^^^^^^^^^^^
  File "/Users/dmitrijkanevskij/VS_CodeProjects/coding/production/courses/ftiad_big_data/iot_flink_pipeline/.venv/lib/python3.11/site-packages/apache_beam/runners/worker/bundle_processor.py", line 1133, in __init__
    self.ops = self.create_execution_tree(self.process_bundle_descriptor)
               ^^^^^^^^^^^^^^^^^^^^^^^^^^^^^^^^^^^^^^^^^^^^^^^^^^^^^^^^^^
  File "/Users/dmitrijkanevskij/VS_CodeProjects/coding/production/courses/ftiad_big_data/iot_flink_pipeline/.venv/lib/python3.11/site-packages/apache_beam/runners/worker/bundle_processor.py", line 1190, in create_execution_tree
    return collections.OrderedDict([(
                                   ^^
  File "/Users/dmitrijkanevskij/VS_CodeProjects/coding/production/courses/ftiad_big_data/iot_flink_pipeline/.venv/lib/python3.11/site-packages/apache_beam/runners/worker/bundle_processor.py", line 1193, in <listcomp>
    get_operation(transform_id))) for transform_id in sorted(
    ^^^^^^^^^^^^^^^^^^^^^^^^^^^
  File "/Users/dmitrijkanevskij/VS_CodeProjects/coding/production/courses/ftiad_big_data/iot_flink_pipeline/.venv/lib/python3.11/site-packages/apache_beam/runners/worker/bundle_processor.py", line 1038, in wrapper
    result = cache[args] = func(*args)
                           ^^^^^^^^^^^
  File "/Users/dmitrijkanevskij/VS_CodeProjects/coding/production/courses/ftiad_big_data/iot_flink_pipeline/.venv/lib/python3.11/site-packages/apache_beam/runners/worker/bundle_processor.py", line 1167, in get_operation
    transform_consumers = {
                          ^
  File "/Users/dmitrijkanevskij/VS_CodeProjects/coding/production/courses/ftiad_big_data/iot_flink_pipeline/.venv/lib/python3.11/site-packages/apache_beam/runners/worker/bundle_processor.py", line 1168, in <dictcomp>
    tag: [get_operation(op) for op in pcoll_consumers[pcoll_id]]
         ^^^^^^^^^^^^^^^^^^^^^^^^^^^^^^^^^^^^^^^^^^^^^^^^^^^^^^^
  File "/Users/dmitrijkanevskij/VS_CodeProjects/coding/production/courses/ftiad_big_data/iot_flink_pipeline/.venv/lib/python3.11/site-packages/apache_beam/runners/worker/bundle_processor.py", line 1168, in <listcomp>
    tag: [get_operation(op) for op in pcoll_consumers[pcoll_id]]
          ^^^^^^^^^^^^^^^^^
  File "/Users/dmitrijkanevskij/VS_CodeProjects/coding/production/courses/ftiad_big_data/iot_flink_pipeline/.venv/lib/python3.11/site-packages/apache_beam/runners/worker/bundle_processor.py", line 1038, in wrapper
    result = cache[args] = func(*args)
                           ^^^^^^^^^^^
  File "/Users/dmitrijkanevskij/VS_CodeProjects/coding/production/courses/ftiad_big_data/iot_flink_pipeline/.venv/lib/python3.11/site-packages/apache_beam/runners/worker/bundle_processor.py", line 1178, in get_operation
    return transform_factory.create_operation(
           ^^^^^^^^^^^^^^^^^^^^^^^^^^^^^^^^^^^
  File "/Users/dmitrijkanevskij/VS_CodeProjects/coding/production/courses/ftiad_big_data/iot_flink_pipeline/.venv/lib/python3.11/site-packages/apache_beam/runners/worker/bundle_processor.py", line 1498, in create_operation
    return creator(self, transform_id, transform_proto, payload, consumers)
           ^^^^^^^^^^^^^^^^^^^^^^^^^^^^^^^^^^^^^^^^^^^^^^^^^^^^^^^^^^^^^^^^
  File "/Users/dmitrijkanevskij/VS_CodeProjects/coding/production/courses/ftiad_big_data/iot_flink_pipeline/.venv/lib/python3.11/site-packages/pyflink/fn_execution/beam/beam_operations.py", line 137, in create_data_stream_keyed_process_function
    return _create_user_defined_function_operation(
           ^^^^^^^^^^^^^^^^^^^^^^^^^^^^^^^^^^^^^^^^
  File "/Users/dmitrijkanevskij/VS_CodeProjects/coding/production/courses/ftiad_big_data/iot_flink_pipeline/.venv/lib/python3.11/site-packages/pyflink/fn_execution/beam/beam_operations.py", line 207, in _create_user_defined_function_operation
    return beam_operation_cls(
           ^^^^^^^^^^^^^^^^^^^
  File "pyflink/fn_execution/beam/beam_operations_fast.pyx", line 249, in pyflink.fn_execution.beam.beam_operations_fast.StatefulFunctionOperation.__init__
  File "pyflink/fn_execution/beam/beam_operations_fast.pyx", line 132, in pyflink.fn_execution.beam.beam_operations_fast.FunctionOperation.__init__
  File "/Users/dmitrijkanevskij/VS_CodeProjects/coding/production/courses/ftiad_big_data/iot_flink_pipeline/.venv/lib/python3.11/site-packages/pyflink/fn_execution/datastream/process/operations.py", line 127, in open
    self.open_func()
  File "/Users/dmitrijkanevskij/VS_CodeProjects/coding/production/courses/ftiad_big_data/iot_flink_pipeline/.venv/lib/python3.11/site-packages/pyflink/fn_execution/datastream/process/operations.py", line 430, in open_func
    window_operator.open(runtime_context, internal_timer_service)
  File "/Users/dmitrijkanevskij/VS_CodeProjects/coding/production/courses/ftiad_big_data/iot_flink_pipeline/.venv/lib/python3.11/site-packages/pyflink/fn_execution/datastream/window/window_operator.py", line 319, in open
    self.window_state = get_or_create_keyed_state(
                        ^^^^^^^^^^^^^^^^^^^^^^^^^^
  File "/Users/dmitrijkanevskij/VS_CodeProjects/coding/production/courses/ftiad_big_data/iot_flink_pipeline/.venv/lib/python3.11/site-packages/pyflink/fn_execution/datastream/window/window_operator.py", line 44, in get_or_create_keyed_state
    state = runtime_context.get_list_state(state_descriptor)
            ^^^^^^^^^^^^^^^^^^^^^^^^^^^^^^^^^^^^^^^^^^^^^^^^
  File "/Users/dmitrijkanevskij/VS_CodeProjects/coding/production/courses/ftiad_big_data/iot_flink_pipeline/.venv/lib/python3.11/site-packages/pyflink/fn_execution/datastream/process/runtime_context.py", line 115, in get_list_state
    array_coder = from_type_info(state_descriptor.type_info)  # type: GenericArrayCoder
                  ^^^^^^^^^^^^^^^^^^^^^^^^^^^^^^^^^^^^^^^^^^
  File "/Users/dmitrijkanevskij/VS_CodeProjects/coding/production/courses/ftiad_big_data/iot_flink_pipeline/.venv/lib/python3.11/site-packages/pyflink/fn_execution/coders.py", line 809, in from_type_info
    return GenericArrayCoder(from_type_info(type_info.elem_type))
                             ^^^^^^^^^^^^^^^^^^^^^^^^^^^^^^^^^^^
  File "/Users/dmitrijkanevskij/VS_CodeProjects/coding/production/courses/ftiad_big_data/iot_flink_pipeline/.venv/lib/python3.11/site-packages/pyflink/fn_execution/coders.py", line 821, in from_type_info
    return from_type_info(type_info._type_info)
           ^^^^^^^^^^^^^^^^^^^^^^^^^^^^^^^^^^^^
  File "/Users/dmitrijkanevskij/VS_CodeProjects/coding/production/courses/ftiad_big_data/iot_flink_pipeline/.venv/lib/python3.11/site-packages/pyflink/fn_execution/coders.py", line 818, in from_type_info
    [from_type_info(f) for f in type_info.get_field_types()],
    ^^^^^^^^^^^^^^^^^^^^^^^^^^^^^^^^^^^^^^^^^^^^^^^^^^^^^^^^
  File "/Users/dmitrijkanevskij/VS_CodeProjects/coding/production/courses/ftiad_big_data/iot_flink_pipeline/.venv/lib/python3.11/site-packages/pyflink/fn_execution/coders.py", line 818, in <listcomp>
    [from_type_info(f) for f in type_info.get_field_types()],
     ^^^^^^^^^^^^^^^^^
  File "/Users/dmitrijkanevskij/VS_CodeProjects/coding/production/courses/ftiad_big_data/iot_flink_pipeline/.venv/lib/python3.11/site-packages/pyflink/fn_execution/coders.py", line 825, in from_type_info
    raise ValueError("Unsupported type_info %s." % type_info)
ValueError: Unsupported type_info LocalTimeTypeInfo<LOCAL_DATE_TIME>.

Traceback (most recent call last):
  File "/Users/dmitrijkanevskij/VS_CodeProjects/coding/production/courses/ftiad_big_data/iot_flink_pipeline/.venv/lib/python3.11/site-packages/apache_beam/runners/worker/sdk_worker.py", line 311, in _execute
    response = task()
               ^^^^^^
  File "/Users/dmitrijkanevskij/VS_CodeProjects/coding/production/courses/ftiad_big_data/iot_flink_pipeline/.venv/lib/python3.11/site-packages/apache_beam/runners/worker/sdk_worker.py", line 386, in <lambda>
    lambda: self.create_worker().do_instruction(request), request)
            ^^^^^^^^^^^^^^^^^^^^^^^^^^^^^^^^^^^^^^^^^^^^
  File "/Users/dmitrijkanevskij/VS_CodeProjects/coding/production/courses/ftiad_big_data/iot_flink_pipeline/.venv/lib/python3.11/site-packages/apache_beam/runners/worker/sdk_worker.py", line 656, in do_instruction
    return getattr(self, request_type)(
           ^^^^^^^^^^^^^^^^^^^^^^^^^^^^
  File "/Users/dmitrijkanevskij/VS_CodeProjects/coding/production/courses/ftiad_big_data/iot_flink_pipeline/.venv/lib/python3.11/site-packages/apache_beam/runners/worker/sdk_worker.py", line 687, in process_bundle
    bundle_processor = self.bundle_processor_cache.get(
                       ^^^^^^^^^^^^^^^^^^^^^^^^^^^^^^^^
  File "/Users/dmitrijkanevskij/VS_CodeProjects/coding/production/courses/ftiad_big_data/iot_flink_pipeline/.venv/lib/python3.11/site-packages/apache_beam/runners/worker/sdk_worker.py", line 510, in get
    processor = bundle_processor.BundleProcessor(
                ^^^^^^^^^^^^^^^^^^^^^^^^^^^^^^^^^
  File "/Users/dmitrijkanevskij/VS_CodeProjects/coding/production/courses/ftiad_big_data/iot_flink_pipeline/.venv/lib/python3.11/site-packages/apache_beam/runners/worker/bundle_processor.py", line 1133, in __init__
    self.ops = self.create_execution_tree(self.process_bundle_descriptor)
               ^^^^^^^^^^^^^^^^^^^^^^^^^^^^^^^^^^^^^^^^^^^^^^^^^^^^^^^^^^
  File "/Users/dmitrijkanevskij/VS_CodeProjects/coding/production/courses/ftiad_big_data/iot_flink_pipeline/.venv/lib/python3.11/site-packages/apache_beam/runners/worker/bundle_processor.py", line 1190, in create_execution_tree
    return collections.OrderedDict([(
                                   ^^
  File "/Users/dmitrijkanevskij/VS_CodeProjects/coding/production/courses/ftiad_big_data/iot_flink_pipeline/.venv/lib/python3.11/site-packages/apache_beam/runners/worker/bundle_processor.py", line 1193, in <listcomp>
    get_operation(transform_id))) for transform_id in sorted(
    ^^^^^^^^^^^^^^^^^^^^^^^^^^^
  File "/Users/dmitrijkanevskij/VS_CodeProjects/coding/production/courses/ftiad_big_data/iot_flink_pipeline/.venv/lib/python3.11/site-packages/apache_beam/runners/worker/bundle_processor.py", line 1038, in wrapper
    result = cache[args] = func(*args)
                           ^^^^^^^^^^^
  File "/Users/dmitrijkanevskij/VS_CodeProjects/coding/production/courses/ftiad_big_data/iot_flink_pipeline/.venv/lib/python3.11/site-packages/apache_beam/runners/worker/bundle_processor.py", line 1167, in get_operation
    transform_consumers = {
                          ^
  File "/Users/dmitrijkanevskij/VS_CodeProjects/coding/production/courses/ftiad_big_data/iot_flink_pipeline/.venv/lib/python3.11/site-packages/apache_beam/runners/worker/bundle_processor.py", line 1168, in <dictcomp>
    tag: [get_operation(op) for op in pcoll_consumers[pcoll_id]]
         ^^^^^^^^^^^^^^^^^^^^^^^^^^^^^^^^^^^^^^^^^^^^^^^^^^^^^^^
  File "/Users/dmitrijkanevskij/VS_CodeProjects/coding/production/courses/ftiad_big_data/iot_flink_pipeline/.venv/lib/python3.11/site-packages/apache_beam/runners/worker/bundle_processor.py", line 1168, in <listcomp>
    tag: [get_operation(op) for op in pcoll_consumers[pcoll_id]]
          ^^^^^^^^^^^^^^^^^
  File "/Users/dmitrijkanevskij/VS_CodeProjects/coding/production/courses/ftiad_big_data/iot_flink_pipeline/.venv/lib/python3.11/site-packages/apache_beam/runners/worker/bundle_processor.py", line 1038, in wrapper
    result = cache[args] = func(*args)
                           ^^^^^^^^^^^
  File "/Users/dmitrijkanevskij/VS_CodeProjects/coding/production/courses/ftiad_big_data/iot_flink_pipeline/.venv/lib/python3.11/site-packages/apache_beam/runners/worker/bundle_processor.py", line 1178, in get_operation
    return transform_factory.create_operation(
           ^^^^^^^^^^^^^^^^^^^^^^^^^^^^^^^^^^^
  File "/Users/dmitrijkanevskij/VS_CodeProjects/coding/production/courses/ftiad_big_data/iot_flink_pipeline/.venv/lib/python3.11/site-packages/apache_beam/runners/worker/bundle_processor.py", line 1498, in create_operation
    return creator(self, transform_id, transform_proto, payload, consumers)
           ^^^^^^^^^^^^^^^^^^^^^^^^^^^^^^^^^^^^^^^^^^^^^^^^^^^^^^^^^^^^^^^^
  File "/Users/dmitrijkanevskij/VS_CodeProjects/coding/production/courses/ftiad_big_data/iot_flink_pipeline/.venv/lib/python3.11/site-packages/pyflink/fn_execution/beam/beam_operations.py", line 137, in create_data_stream_keyed_process_function
    return _create_user_defined_function_operation(
           ^^^^^^^^^^^^^^^^^^^^^^^^^^^^^^^^^^^^^^^^
  File "/Users/dmitrijkanevskij/VS_CodeProjects/coding/production/courses/ftiad_big_data/iot_flink_pipeline/.venv/lib/python3.11/site-packages/pyflink/fn_execution/beam/beam_operations.py", line 207, in _create_user_defined_function_operation
    return beam_operation_cls(
           ^^^^^^^^^^^^^^^^^^^
  File "pyflink/fn_execution/beam/beam_operations_fast.pyx", line 249, in pyflink.fn_execution.beam.beam_operations_fast.StatefulFunctionOperation.__init__
  File "pyflink/fn_execution/beam/beam_operations_fast.pyx", line 132, in pyflink.fn_execution.beam.beam_operations_fast.FunctionOperation.__init__
  File "/Users/dmitrijkanevskij/VS_CodeProjects/coding/production/courses/ftiad_big_data/iot_flink_pipeline/.venv/lib/python3.11/site-packages/pyflink/fn_execution/datastream/process/operations.py", line 127, in open
    self.open_func()
  File "/Users/dmitrijkanevskij/VS_CodeProjects/coding/production/courses/ftiad_big_data/iot_flink_pipeline/.venv/lib/python3.11/site-packages/pyflink/fn_execution/datastream/process/operations.py", line 430, in open_func
    window_operator.open(runtime_context, internal_timer_service)
  File "/Users/dmitrijkanevskij/VS_CodeProjects/coding/production/courses/ftiad_big_data/iot_flink_pipeline/.venv/lib/python3.11/site-packages/pyflink/fn_execution/datastream/window/window_operator.py", line 319, in open
    self.window_state = get_or_create_keyed_state(
                        ^^^^^^^^^^^^^^^^^^^^^^^^^^
  File "/Users/dmitrijkanevskij/VS_CodeProjects/coding/production/courses/ftiad_big_data/iot_flink_pipeline/.venv/lib/python3.11/site-packages/pyflink/fn_execution/datastream/window/window_operator.py", line 44, in get_or_create_keyed_state
    state = runtime_context.get_list_state(state_descriptor)
            ^^^^^^^^^^^^^^^^^^^^^^^^^^^^^^^^^^^^^^^^^^^^^^^^
  File "/Users/dmitrijkanevskij/VS_CodeProjects/coding/production/courses/ftiad_big_data/iot_flink_pipeline/.venv/lib/python3.11/site-packages/pyflink/fn_execution/datastream/process/runtime_context.py", line 115, in get_list_state
    array_coder = from_type_info(state_descriptor.type_info)  # type: GenericArrayCoder
                  ^^^^^^^^^^^^^^^^^^^^^^^^^^^^^^^^^^^^^^^^^^
  File "/Users/dmitrijkanevskij/VS_CodeProjects/coding/production/courses/ftiad_big_data/iot_flink_pipeline/.venv/lib/python3.11/site-packages/pyflink/fn_execution/coders.py", line 809, in from_type_info
    return GenericArrayCoder(from_type_info(type_info.elem_type))
                             ^^^^^^^^^^^^^^^^^^^^^^^^^^^^^^^^^^^
  File "/Users/dmitrijkanevskij/VS_CodeProjects/coding/production/courses/ftiad_big_data/iot_flink_pipeline/.venv/lib/python3.11/site-packages/pyflink/fn_execution/coders.py", line 821, in from_type_info
    return from_type_info(type_info._type_info)
           ^^^^^^^^^^^^^^^^^^^^^^^^^^^^^^^^^^^^
  File "/Users/dmitrijkanevskij/VS_CodeProjects/coding/production/courses/ftiad_big_data/iot_flink_pipeline/.venv/lib/python3.11/site-packages/pyflink/fn_execution/coders.py", line 818, in from_type_info
    [from_type_info(f) for f in type_info.get_field_types()],
    ^^^^^^^^^^^^^^^^^^^^^^^^^^^^^^^^^^^^^^^^^^^^^^^^^^^^^^^^
  File "/Users/dmitrijkanevskij/VS_CodeProjects/coding/production/courses/ftiad_big_data/iot_flink_pipeline/.venv/lib/python3.11/site-packages/pyflink/fn_execution/coders.py", line 818, in <listcomp>
    [from_type_info(f) for f in type_info.get_field_types()],
     ^^^^^^^^^^^^^^^^^
  File "/Users/dmitrijkanevskij/VS_CodeProjects/coding/production/courses/ftiad_big_data/iot_flink_pipeline/.venv/lib/python3.11/site-packages/pyflink/fn_execution/coders.py", line 825, in from_type_info
    raise ValueError("Unsupported type_info %s." % type_info)
ValueError: Unsupported type_info LocalTimeTypeInfo<LOCAL_DATE_TIME>.

Traceback (most recent call last):
  File "/Users/dmitrijkanevskij/VS_CodeProjects/coding/production/courses/ftiad_big_data/iot_flink_pipeline/.venv/lib/python3.11/site-packages/apache_beam/runners/worker/sdk_worker.py", line 311, in _execute
    response = task()
               ^^^^^^
  File "/Users/dmitrijkanevskij/VS_CodeProjects/coding/production/courses/ftiad_big_data/iot_flink_pipeline/.venv/lib/python3.11/site-packages/apache_beam/runners/worker/sdk_worker.py", line 386, in <lambda>
    lambda: self.create_worker().do_instruction(request), request)
            ^^^^^^^^^^^^^^^^^^^^^^^^^^^^^^^^^^^^^^^^^^^^
  File "/Users/dmitrijkanevskij/VS_CodeProjects/coding/production/courses/ftiad_big_data/iot_flink_pipeline/.venv/lib/python3.11/site-packages/apache_beam/runners/worker/sdk_worker.py", line 656, in do_instruction
    return getattr(self, request_type)(
           ^^^^^^^^^^^^^^^^^^^^^^^^^^^^
  File "/Users/dmitrijkanevskij/VS_CodeProjects/coding/production/courses/ftiad_big_data/iot_flink_pipeline/.venv/lib/python3.11/site-packages/apache_beam/runners/worker/sdk_worker.py", line 687, in process_bundle
    bundle_processor = self.bundle_processor_cache.get(
                       ^^^^^^^^^^^^^^^^^^^^^^^^^^^^^^^^
  File "/Users/dmitrijkanevskij/VS_CodeProjects/coding/production/courses/ftiad_big_data/iot_flink_pipeline/.venv/lib/python3.11/site-packages/apache_beam/runners/worker/sdk_worker.py", line 510, in get
    processor = bundle_processor.BundleProcessor(
                ^^^^^^^^^^^^^^^^^^^^^^^^^^^^^^^^^
  File "/Users/dmitrijkanevskij/VS_CodeProjects/coding/production/courses/ftiad_big_data/iot_flink_pipeline/.venv/lib/python3.11/site-packages/apache_beam/runners/worker/bundle_processor.py", line 1133, in __init__
    self.ops = self.create_execution_tree(self.process_bundle_descriptor)
               ^^^^^^^^^^^^^^^^^^^^^^^^^^^^^^^^^^^^^^^^^^^^^^^^^^^^^^^^^^
  File "/Users/dmitrijkanevskij/VS_CodeProjects/coding/production/courses/ftiad_big_data/iot_flink_pipeline/.venv/lib/python3.11/site-packages/apache_beam/runners/worker/bundle_processor.py", line 1190, in create_execution_tree
    return collections.OrderedDict([(
                                   ^^
  File "/Users/dmitrijkanevskij/VS_CodeProjects/coding/production/courses/ftiad_big_data/iot_flink_pipeline/.venv/lib/python3.11/site-packages/apache_beam/runners/worker/bundle_processor.py", line 1193, in <listcomp>
    get_operation(transform_id))) for transform_id in sorted(
    ^^^^^^^^^^^^^^^^^^^^^^^^^^^
  File "/Users/dmitrijkanevskij/VS_CodeProjects/coding/production/courses/ftiad_big_data/iot_flink_pipeline/.venv/lib/python3.11/site-packages/apache_beam/runners/worker/bundle_processor.py", line 1038, in wrapper
    result = cache[args] = func(*args)
                           ^^^^^^^^^^^
  File "/Users/dmitrijkanevskij/VS_CodeProjects/coding/production/courses/ftiad_big_data/iot_flink_pipeline/.venv/lib/python3.11/site-packages/apache_beam/runners/worker/bundle_processor.py", line 1167, in get_operation
    transform_consumers = {
                          ^
  File "/Users/dmitrijkanevskij/VS_CodeProjects/coding/production/courses/ftiad_big_data/iot_flink_pipeline/.venv/lib/python3.11/site-packages/apache_beam/runners/worker/bundle_processor.py", line 1168, in <dictcomp>
    tag: [get_operation(op) for op in pcoll_consumers[pcoll_id]]
         ^^^^^^^^^^^^^^^^^^^^^^^^^^^^^^^^^^^^^^^^^^^^^^^^^^^^^^^
  File "/Users/dmitrijkanevskij/VS_CodeProjects/coding/production/courses/ftiad_big_data/iot_flink_pipeline/.venv/lib/python3.11/site-packages/apache_beam/runners/worker/bundle_processor.py", line 1168, in <listcomp>
    tag: [get_operation(op) for op in pcoll_consumers[pcoll_id]]
          ^^^^^^^^^^^^^^^^^
  File "/Users/dmitrijkanevskij/VS_CodeProjects/coding/production/courses/ftiad_big_data/iot_flink_pipeline/.venv/lib/python3.11/site-packages/apache_beam/runners/worker/bundle_processor.py", line 1038, in wrapper
    result = cache[args] = func(*args)
                           ^^^^^^^^^^^
  File "/Users/dmitrijkanevskij/VS_CodeProjects/coding/production/courses/ftiad_big_data/iot_flink_pipeline/.venv/lib/python3.11/site-packages/apache_beam/runners/worker/bundle_processor.py", line 1178, in get_operation
    return transform_factory.create_operation(
           ^^^^^^^^^^^^^^^^^^^^^^^^^^^^^^^^^^^
  File "/Users/dmitrijkanevskij/VS_CodeProjects/coding/production/courses/ftiad_big_data/iot_flink_pipeline/.venv/lib/python3.11/site-packages/apache_beam/runners/worker/bundle_processor.py", line 1498, in create_operation
    return creator(self, transform_id, transform_proto, payload, consumers)
           ^^^^^^^^^^^^^^^^^^^^^^^^^^^^^^^^^^^^^^^^^^^^^^^^^^^^^^^^^^^^^^^^
  File "/Users/dmitrijkanevskij/VS_CodeProjects/coding/production/courses/ftiad_big_data/iot_flink_pipeline/.venv/lib/python3.11/site-packages/pyflink/fn_execution/beam/beam_operations.py", line 137, in create_data_stream_keyed_process_function
    return _create_user_defined_function_operation(
           ^^^^^^^^^^^^^^^^^^^^^^^^^^^^^^^^^^^^^^^^
  File "/Users/dmitrijkanevskij/VS_CodeProjects/coding/production/courses/ftiad_big_data/iot_flink_pipeline/.venv/lib/python3.11/site-packages/pyflink/fn_execution/beam/beam_operations.py", line 207, in _create_user_defined_function_operation
    return beam_operation_cls(
           ^^^^^^^^^^^^^^^^^^^
  File "pyflink/fn_execution/beam/beam_operations_fast.pyx", line 249, in pyflink.fn_execution.beam.beam_operations_fast.StatefulFunctionOperation.__init__
  File "pyflink/fn_execution/beam/beam_operations_fast.pyx", line 132, in pyflink.fn_execution.beam.beam_operations_fast.FunctionOperation.__init__
  File "/Users/dmitrijkanevskij/VS_CodeProjects/coding/production/courses/ftiad_big_data/iot_flink_pipeline/.venv/lib/python3.11/site-packages/pyflink/fn_execution/datastream/process/operations.py", line 127, in open
    self.open_func()
  File "/Users/dmitrijkanevskij/VS_CodeProjects/coding/production/courses/ftiad_big_data/iot_flink_pipeline/.venv/lib/python3.11/site-packages/pyflink/fn_execution/datastream/process/operations.py", line 430, in open_func
    window_operator.open(runtime_context, internal_timer_service)
  File "/Users/dmitrijkanevskij/VS_CodeProjects/coding/production/courses/ftiad_big_data/iot_flink_pipeline/.venv/lib/python3.11/site-packages/pyflink/fn_execution/datastream/window/window_operator.py", line 319, in open
    self.window_state = get_or_create_keyed_state(
                        ^^^^^^^^^^^^^^^^^^^^^^^^^^
  File "/Users/dmitrijkanevskij/VS_CodeProjects/coding/production/courses/ftiad_big_data/iot_flink_pipeline/.venv/lib/python3.11/site-packages/pyflink/fn_execution/datastream/window/window_operator.py", line 44, in get_or_create_keyed_state
    state = runtime_context.get_list_state(state_descriptor)
            ^^^^^^^^^^^^^^^^^^^^^^^^^^^^^^^^^^^^^^^^^^^^^^^^
  File "/Users/dmitrijkanevskij/VS_CodeProjects/coding/production/courses/ftiad_big_data/iot_flink_pipeline/.venv/lib/python3.11/site-packages/pyflink/fn_execution/datastream/process/runtime_context.py", line 115, in get_list_state
    array_coder = from_type_info(state_descriptor.type_info)  # type: GenericArrayCoder
                  ^^^^^^^^^^^^^^^^^^^^^^^^^^^^^^^^^^^^^^^^^^
  File "/Users/dmitrijkanevskij/VS_CodeProjects/coding/production/courses/ftiad_big_data/iot_flink_pipeline/.venv/lib/python3.11/site-packages/pyflink/fn_execution/coders.py", line 809, in from_type_info
    return GenericArrayCoder(from_type_info(type_info.elem_type))
                             ^^^^^^^^^^^^^^^^^^^^^^^^^^^^^^^^^^^
  File "/Users/dmitrijkanevskij/VS_CodeProjects/coding/production/courses/ftiad_big_data/iot_flink_pipeline/.venv/lib/python3.11/site-packages/pyflink/fn_execution/coders.py", line 821, in from_type_info
    return from_type_info(type_info._type_info)
           ^^^^^^^^^^^^^^^^^^^^^^^^^^^^^^^^^^^^
  File "/Users/dmitrijkanevskij/VS_CodeProjects/coding/production/courses/ftiad_big_data/iot_flink_pipeline/.venv/lib/python3.11/site-packages/pyflink/fn_execution/coders.py", line 818, in from_type_info
    [from_type_info(f) for f in type_info.get_field_types()],
    ^^^^^^^^^^^^^^^^^^^^^^^^^^^^^^^^^^^^^^^^^^^^^^^^^^^^^^^^
  File "/Users/dmitrijkanevskij/VS_CodeProjects/coding/production/courses/ftiad_big_data/iot_flink_pipeline/.venv/lib/python3.11/site-packages/pyflink/fn_execution/coders.py", line 818, in <listcomp>
    [from_type_info(f) for f in type_info.get_field_types()],
     ^^^^^^^^^^^^^^^^^
  File "/Users/dmitrijkanevskij/VS_CodeProjects/coding/production/courses/ftiad_big_data/iot_flink_pipeline/.venv/lib/python3.11/site-packages/pyflink/fn_execution/coders.py", line 825, in from_type_info
    raise ValueError("Unsupported type_info %s." % type_info)
ValueError: Unsupported type_info LocalTimeTypeInfo<LOCAL_DATE_TIME>.

Traceback (most recent call last):
  File "/Users/dmitrijkanevskij/VS_CodeProjects/coding/production/courses/ftiad_big_data/iot_flink_pipeline/.venv/lib/python3.11/site-packages/apache_beam/runners/worker/sdk_worker.py", line 311, in _execute
    response = task()
               ^^^^^^
  File "/Users/dmitrijkanevskij/VS_CodeProjects/coding/production/courses/ftiad_big_data/iot_flink_pipeline/.venv/lib/python3.11/site-packages/apache_beam/runners/worker/sdk_worker.py", line 386, in <lambda>
    lambda: self.create_worker().do_instruction(request), request)
            ^^^^^^^^^^^^^^^^^^^^^^^^^^^^^^^^^^^^^^^^^^^^
  File "/Users/dmitrijkanevskij/VS_CodeProjects/coding/production/courses/ftiad_big_data/iot_flink_pipeline/.venv/lib/python3.11/site-packages/apache_beam/runners/worker/sdk_worker.py", line 656, in do_instruction
    return getattr(self, request_type)(
           ^^^^^^^^^^^^^^^^^^^^^^^^^^^^
  File "/Users/dmitrijkanevskij/VS_CodeProjects/coding/production/courses/ftiad_big_data/iot_flink_pipeline/.venv/lib/python3.11/site-packages/apache_beam/runners/worker/sdk_worker.py", line 687, in process_bundle
    bundle_processor = self.bundle_processor_cache.get(
                       ^^^^^^^^^^^^^^^^^^^^^^^^^^^^^^^^
  File "/Users/dmitrijkanevskij/VS_CodeProjects/coding/production/courses/ftiad_big_data/iot_flink_pipeline/.venv/lib/python3.11/site-packages/apache_beam/runners/worker/sdk_worker.py", line 510, in get
    processor = bundle_processor.BundleProcessor(
                ^^^^^^^^^^^^^^^^^^^^^^^^^^^^^^^^^
  File "/Users/dmitrijkanevskij/VS_CodeProjects/coding/production/courses/ftiad_big_data/iot_flink_pipeline/.venv/lib/python3.11/site-packages/apache_beam/runners/worker/bundle_processor.py", line 1133, in __init__
    self.ops = self.create_execution_tree(self.process_bundle_descriptor)
               ^^^^^^^^^^^^^^^^^^^^^^^^^^^^^^^^^^^^^^^^^^^^^^^^^^^^^^^^^^
  File "/Users/dmitrijkanevskij/VS_CodeProjects/coding/production/courses/ftiad_big_data/iot_flink_pipeline/.venv/lib/python3.11/site-packages/apache_beam/runners/worker/bundle_processor.py", line 1190, in create_execution_tree
    return collections.OrderedDict([(
                                   ^^
  File "/Users/dmitrijkanevskij/VS_CodeProjects/coding/production/courses/ftiad_big_data/iot_flink_pipeline/.venv/lib/python3.11/site-packages/apache_beam/runners/worker/bundle_processor.py", line 1193, in <listcomp>
    get_operation(transform_id))) for transform_id in sorted(
    ^^^^^^^^^^^^^^^^^^^^^^^^^^^
  File "/Users/dmitrijkanevskij/VS_CodeProjects/coding/production/courses/ftiad_big_data/iot_flink_pipeline/.venv/lib/python3.11/site-packages/apache_beam/runners/worker/bundle_processor.py", line 1038, in wrapper
    result = cache[args] = func(*args)
                           ^^^^^^^^^^^
  File "/Users/dmitrijkanevskij/VS_CodeProjects/coding/production/courses/ftiad_big_data/iot_flink_pipeline/.venv/lib/python3.11/site-packages/apache_beam/runners/worker/bundle_processor.py", line 1167, in get_operation
    transform_consumers = {
                          ^
  File "/Users/dmitrijkanevskij/VS_CodeProjects/coding/production/courses/ftiad_big_data/iot_flink_pipeline/.venv/lib/python3.11/site-packages/apache_beam/runners/worker/bundle_processor.py", line 1168, in <dictcomp>
    tag: [get_operation(op) for op in pcoll_consumers[pcoll_id]]
         ^^^^^^^^^^^^^^^^^^^^^^^^^^^^^^^^^^^^^^^^^^^^^^^^^^^^^^^
  File "/Users/dmitrijkanevskij/VS_CodeProjects/coding/production/courses/ftiad_big_data/iot_flink_pipeline/.venv/lib/python3.11/site-packages/apache_beam/runners/worker/bundle_processor.py", line 1168, in <listcomp>
    tag: [get_operation(op) for op in pcoll_consumers[pcoll_id]]
          ^^^^^^^^^^^^^^^^^
  File "/Users/dmitrijkanevskij/VS_CodeProjects/coding/production/courses/ftiad_big_data/iot_flink_pipeline/.venv/lib/python3.11/site-packages/apache_beam/runners/worker/bundle_processor.py", line 1038, in wrapper
    result = cache[args] = func(*args)
                           ^^^^^^^^^^^
  File "/Users/dmitrijkanevskij/VS_CodeProjects/coding/production/courses/ftiad_big_data/iot_flink_pipeline/.venv/lib/python3.11/site-packages/apache_beam/runners/worker/bundle_processor.py", line 1178, in get_operation
    return transform_factory.create_operation(
           ^^^^^^^^^^^^^^^^^^^^^^^^^^^^^^^^^^^
  File "/Users/dmitrijkanevskij/VS_CodeProjects/coding/production/courses/ftiad_big_data/iot_flink_pipeline/.venv/lib/python3.11/site-packages/apache_beam/runners/worker/bundle_processor.py", line 1498, in create_operation
    return creator(self, transform_id, transform_proto, payload, consumers)
           ^^^^^^^^^^^^^^^^^^^^^^^^^^^^^^^^^^^^^^^^^^^^^^^^^^^^^^^^^^^^^^^^
  File "/Users/dmitrijkanevskij/VS_CodeProjects/coding/production/courses/ftiad_big_data/iot_flink_pipeline/.venv/lib/python3.11/site-packages/pyflink/fn_execution/beam/beam_operations.py", line 137, in create_data_stream_keyed_process_function
    return _create_user_defined_function_operation(
           ^^^^^^^^^^^^^^^^^^^^^^^^^^^^^^^^^^^^^^^^
  File "/Users/dmitrijkanevskij/VS_CodeProjects/coding/production/courses/ftiad_big_data/iot_flink_pipeline/.venv/lib/python3.11/site-packages/pyflink/fn_execution/beam/beam_operations.py", line 207, in _create_user_defined_function_operation
    return beam_operation_cls(
           ^^^^^^^^^^^^^^^^^^^
  File "pyflink/fn_execution/beam/beam_operations_fast.pyx", line 249, in pyflink.fn_execution.beam.beam_operations_fast.StatefulFunctionOperation.__init__
  File "pyflink/fn_execution/beam/beam_operations_fast.pyx", line 132, in pyflink.fn_execution.beam.beam_operations_fast.FunctionOperation.__init__
  File "/Users/dmitrijkanevskij/VS_CodeProjects/coding/production/courses/ftiad_big_data/iot_flink_pipeline/.venv/lib/python3.11/site-packages/pyflink/fn_execution/datastream/process/operations.py", line 127, in open
    self.open_func()
  File "/Users/dmitrijkanevskij/VS_CodeProjects/coding/production/courses/ftiad_big_data/iot_flink_pipeline/.venv/lib/python3.11/site-packages/pyflink/fn_execution/datastream/process/operations.py", line 430, in open_func
    window_operator.open(runtime_context, internal_timer_service)
  File "/Users/dmitrijkanevskij/VS_CodeProjects/coding/production/courses/ftiad_big_data/iot_flink_pipeline/.venv/lib/python3.11/site-packages/pyflink/fn_execution/datastream/window/window_operator.py", line 319, in open
    self.window_state = get_or_create_keyed_state(
                        ^^^^^^^^^^^^^^^^^^^^^^^^^^
  File "/Users/dmitrijkanevskij/VS_CodeProjects/coding/production/courses/ftiad_big_data/iot_flink_pipeline/.venv/lib/python3.11/site-packages/pyflink/fn_execution/datastream/window/window_operator.py", line 44, in get_or_create_keyed_state
    state = runtime_context.get_list_state(state_descriptor)
            ^^^^^^^^^^^^^^^^^^^^^^^^^^^^^^^^^^^^^^^^^^^^^^^^
  File "/Users/dmitrijkanevskij/VS_CodeProjects/coding/production/courses/ftiad_big_data/iot_flink_pipeline/.venv/lib/python3.11/site-packages/pyflink/fn_execution/datastream/process/runtime_context.py", line 115, in get_list_state
    array_coder = from_type_info(state_descriptor.type_info)  # type: GenericArrayCoder
                  ^^^^^^^^^^^^^^^^^^^^^^^^^^^^^^^^^^^^^^^^^^
  File "/Users/dmitrijkanevskij/VS_CodeProjects/coding/production/courses/ftiad_big_data/iot_flink_pipeline/.venv/lib/python3.11/site-packages/pyflink/fn_execution/coders.py", line 809, in from_type_info
    return GenericArrayCoder(from_type_info(type_info.elem_type))
                             ^^^^^^^^^^^^^^^^^^^^^^^^^^^^^^^^^^^
  File "/Users/dmitrijkanevskij/VS_CodeProjects/coding/production/courses/ftiad_big_data/iot_flink_pipeline/.venv/lib/python3.11/site-packages/pyflink/fn_execution/coders.py", line 821, in from_type_info
    return from_type_info(type_info._type_info)
           ^^^^^^^^^^^^^^^^^^^^^^^^^^^^^^^^^^^^
  File "/Users/dmitrijkanevskij/VS_CodeProjects/coding/production/courses/ftiad_big_data/iot_flink_pipeline/.venv/lib/python3.11/site-packages/pyflink/fn_execution/coders.py", line 818, in from_type_info
    [from_type_info(f) for f in type_info.get_field_types()],
    ^^^^^^^^^^^^^^^^^^^^^^^^^^^^^^^^^^^^^^^^^^^^^^^^^^^^^^^^
  File "/Users/dmitrijkanevskij/VS_CodeProjects/coding/production/courses/ftiad_big_data/iot_flink_pipeline/.venv/lib/python3.11/site-packages/pyflink/fn_execution/coders.py", line 818, in <listcomp>
    [from_type_info(f) for f in type_info.get_field_types()],
     ^^^^^^^^^^^^^^^^^
  File "/Users/dmitrijkanevskij/VS_CodeProjects/coding/production/courses/ftiad_big_data/iot_flink_pipeline/.venv/lib/python3.11/site-packages/pyflink/fn_execution/coders.py", line 825, in from_type_info
    raise ValueError("Unsupported type_info %s." % type_info)
ValueError: Unsupported type_info LocalTimeTypeInfo<LOCAL_DATE_TIME>.

Traceback (most recent call last):
  File "/Users/dmitrijkanevskij/VS_CodeProjects/coding/production/courses/ftiad_big_data/iot_flink_pipeline/.venv/lib/python3.11/site-packages/apache_beam/runners/worker/sdk_worker.py", line 311, in _execute
    response = task()
               ^^^^^^
  File "/Users/dmitrijkanevskij/VS_CodeProjects/coding/production/courses/ftiad_big_data/iot_flink_pipeline/.venv/lib/python3.11/site-packages/apache_beam/runners/worker/sdk_worker.py", line 386, in <lambda>
    lambda: self.create_worker().do_instruction(request), request)
            ^^^^^^^^^^^^^^^^^^^^^^^^^^^^^^^^^^^^^^^^^^^^
  File "/Users/dmitrijkanevskij/VS_CodeProjects/coding/production/courses/ftiad_big_data/iot_flink_pipeline/.venv/lib/python3.11/site-packages/apache_beam/runners/worker/sdk_worker.py", line 656, in do_instruction
    return getattr(self, request_type)(
           ^^^^^^^^^^^^^^^^^^^^^^^^^^^^
  File "/Users/dmitrijkanevskij/VS_CodeProjects/coding/production/courses/ftiad_big_data/iot_flink_pipeline/.venv/lib/python3.11/site-packages/apache_beam/runners/worker/sdk_worker.py", line 687, in process_bundle
    bundle_processor = self.bundle_processor_cache.get(
                       ^^^^^^^^^^^^^^^^^^^^^^^^^^^^^^^^
  File "/Users/dmitrijkanevskij/VS_CodeProjects/coding/production/courses/ftiad_big_data/iot_flink_pipeline/.venv/lib/python3.11/site-packages/apache_beam/runners/worker/sdk_worker.py", line 510, in get
    processor = bundle_processor.BundleProcessor(
                ^^^^^^^^^^^^^^^^^^^^^^^^^^^^^^^^^
  File "/Users/dmitrijkanevskij/VS_CodeProjects/coding/production/courses/ftiad_big_data/iot_flink_pipeline/.venv/lib/python3.11/site-packages/apache_beam/runners/worker/bundle_processor.py", line 1133, in __init__
    self.ops = self.create_execution_tree(self.process_bundle_descriptor)
               ^^^^^^^^^^^^^^^^^^^^^^^^^^^^^^^^^^^^^^^^^^^^^^^^^^^^^^^^^^
  File "/Users/dmitrijkanevskij/VS_CodeProjects/coding/production/courses/ftiad_big_data/iot_flink_pipeline/.venv/lib/python3.11/site-packages/apache_beam/runners/worker/bundle_processor.py", line 1190, in create_execution_tree
    return collections.OrderedDict([(
                                   ^^
  File "/Users/dmitrijkanevskij/VS_CodeProjects/coding/production/courses/ftiad_big_data/iot_flink_pipeline/.venv/lib/python3.11/site-packages/apache_beam/runners/worker/bundle_processor.py", line 1193, in <listcomp>
    get_operation(transform_id))) for transform_id in sorted(
    ^^^^^^^^^^^^^^^^^^^^^^^^^^^
  File "/Users/dmitrijkanevskij/VS_CodeProjects/coding/production/courses/ftiad_big_data/iot_flink_pipeline/.venv/lib/python3.11/site-packages/apache_beam/runners/worker/bundle_processor.py", line 1038, in wrapper
    result = cache[args] = func(*args)
                           ^^^^^^^^^^^
  File "/Users/dmitrijkanevskij/VS_CodeProjects/coding/production/courses/ftiad_big_data/iot_flink_pipeline/.venv/lib/python3.11/site-packages/apache_beam/runners/worker/bundle_processor.py", line 1167, in get_operation
    transform_consumers = {
                          ^
  File "/Users/dmitrijkanevskij/VS_CodeProjects/coding/production/courses/ftiad_big_data/iot_flink_pipeline/.venv/lib/python3.11/site-packages/apache_beam/runners/worker/bundle_processor.py", line 1168, in <dictcomp>
    tag: [get_operation(op) for op in pcoll_consumers[pcoll_id]]
         ^^^^^^^^^^^^^^^^^^^^^^^^^^^^^^^^^^^^^^^^^^^^^^^^^^^^^^^
  File "/Users/dmitrijkanevskij/VS_CodeProjects/coding/production/courses/ftiad_big_data/iot_flink_pipeline/.venv/lib/python3.11/site-packages/apache_beam/runners/worker/bundle_processor.py", line 1168, in <listcomp>
    tag: [get_operation(op) for op in pcoll_consumers[pcoll_id]]
          ^^^^^^^^^^^^^^^^^
  File "/Users/dmitrijkanevskij/VS_CodeProjects/coding/production/courses/ftiad_big_data/iot_flink_pipeline/.venv/lib/python3.11/site-packages/apache_beam/runners/worker/bundle_processor.py", line 1038, in wrapper
    result = cache[args] = func(*args)
                           ^^^^^^^^^^^
  File "/Users/dmitrijkanevskij/VS_CodeProjects/coding/production/courses/ftiad_big_data/iot_flink_pipeline/.venv/lib/python3.11/site-packages/apache_beam/runners/worker/bundle_processor.py", line 1178, in get_operation
    return transform_factory.create_operation(
           ^^^^^^^^^^^^^^^^^^^^^^^^^^^^^^^^^^^
  File "/Users/dmitrijkanevskij/VS_CodeProjects/coding/production/courses/ftiad_big_data/iot_flink_pipeline/.venv/lib/python3.11/site-packages/apache_beam/runners/worker/bundle_processor.py", line 1498, in create_operation
    return creator(self, transform_id, transform_proto, payload, consumers)
           ^^^^^^^^^^^^^^^^^^^^^^^^^^^^^^^^^^^^^^^^^^^^^^^^^^^^^^^^^^^^^^^^
  File "/Users/dmitrijkanevskij/VS_CodeProjects/coding/production/courses/ftiad_big_data/iot_flink_pipeline/.venv/lib/python3.11/site-packages/pyflink/fn_execution/beam/beam_operations.py", line 137, in create_data_stream_keyed_process_function
    return _create_user_defined_function_operation(
           ^^^^^^^^^^^^^^^^^^^^^^^^^^^^^^^^^^^^^^^^
  File "/Users/dmitrijkanevskij/VS_CodeProjects/coding/production/courses/ftiad_big_data/iot_flink_pipeline/.venv/lib/python3.11/site-packages/pyflink/fn_execution/beam/beam_operations.py", line 207, in _create_user_defined_function_operation
    return beam_operation_cls(
           ^^^^^^^^^^^^^^^^^^^
  File "pyflink/fn_execution/beam/beam_operations_fast.pyx", line 249, in pyflink.fn_execution.beam.beam_operations_fast.StatefulFunctionOperation.__init__
  File "pyflink/fn_execution/beam/beam_operations_fast.pyx", line 132, in pyflink.fn_execution.beam.beam_operations_fast.FunctionOperation.__init__
  File "/Users/dmitrijkanevskij/VS_CodeProjects/coding/production/courses/ftiad_big_data/iot_flink_pipeline/.venv/lib/python3.11/site-packages/pyflink/fn_execution/datastream/process/operations.py", line 127, in open
    self.open_func()
  File "/Users/dmitrijkanevskij/VS_CodeProjects/coding/production/courses/ftiad_big_data/iot_flink_pipeline/.venv/lib/python3.11/site-packages/pyflink/fn_execution/datastream/process/operations.py", line 430, in open_func
    window_operator.open(runtime_context, internal_timer_service)
  File "/Users/dmitrijkanevskij/VS_CodeProjects/coding/production/courses/ftiad_big_data/iot_flink_pipeline/.venv/lib/python3.11/site-packages/pyflink/fn_execution/datastream/window/window_operator.py", line 319, in open
    self.window_state = get_or_create_keyed_state(
                        ^^^^^^^^^^^^^^^^^^^^^^^^^^
  File "/Users/dmitrijkanevskij/VS_CodeProjects/coding/production/courses/ftiad_big_data/iot_flink_pipeline/.venv/lib/python3.11/site-packages/pyflink/fn_execution/datastream/window/window_operator.py", line 44, in get_or_create_keyed_state
    state = runtime_context.get_list_state(state_descriptor)
            ^^^^^^^^^^^^^^^^^^^^^^^^^^^^^^^^^^^^^^^^^^^^^^^^
  File "/Users/dmitrijkanevskij/VS_CodeProjects/coding/production/courses/ftiad_big_data/iot_flink_pipeline/.venv/lib/python3.11/site-packages/pyflink/fn_execution/datastream/process/runtime_context.py", line 115, in get_list_state
    array_coder = from_type_info(state_descriptor.type_info)  # type: GenericArrayCoder
                  ^^^^^^^^^^^^^^^^^^^^^^^^^^^^^^^^^^^^^^^^^^
  File "/Users/dmitrijkanevskij/VS_CodeProjects/coding/production/courses/ftiad_big_data/iot_flink_pipeline/.venv/lib/python3.11/site-packages/pyflink/fn_execution/coders.py", line 809, in from_type_info
    return GenericArrayCoder(from_type_info(type_info.elem_type))
                             ^^^^^^^^^^^^^^^^^^^^^^^^^^^^^^^^^^^
  File "/Users/dmitrijkanevskij/VS_CodeProjects/coding/production/courses/ftiad_big_data/iot_flink_pipeline/.venv/lib/python3.11/site-packages/pyflink/fn_execution/coders.py", line 821, in from_type_info
    return from_type_info(type_info._type_info)
           ^^^^^^^^^^^^^^^^^^^^^^^^^^^^^^^^^^^^
  File "/Users/dmitrijkanevskij/VS_CodeProjects/coding/production/courses/ftiad_big_data/iot_flink_pipeline/.venv/lib/python3.11/site-packages/pyflink/fn_execution/coders.py", line 818, in from_type_info
    [from_type_info(f) for f in type_info.get_field_types()],
    ^^^^^^^^^^^^^^^^^^^^^^^^^^^^^^^^^^^^^^^^^^^^^^^^^^^^^^^^
  File "/Users/dmitrijkanevskij/VS_CodeProjects/coding/production/courses/ftiad_big_data/iot_flink_pipeline/.venv/lib/python3.11/site-packages/pyflink/fn_execution/coders.py", line 818, in <listcomp>
    [from_type_info(f) for f in type_info.get_field_types()],
     ^^^^^^^^^^^^^^^^^
  File "/Users/dmitrijkanevskij/VS_CodeProjects/coding/production/courses/ftiad_big_data/iot_flink_pipeline/.venv/lib/python3.11/site-packages/pyflink/fn_execution/coders.py", line 825, in from_type_info
    raise ValueError("Unsupported type_info %s." % type_info)
ValueError: Unsupported type_info LocalTimeTypeInfo<LOCAL_DATE_TIME>.

Traceback (most recent call last):
  File "/Users/dmitrijkanevskij/VS_CodeProjects/coding/production/courses/ftiad_big_data/iot_flink_pipeline/.venv/lib/python3.11/site-packages/apache_beam/runners/worker/sdk_worker.py", line 311, in _execute
    response = task()
               ^^^^^^
  File "/Users/dmitrijkanevskij/VS_CodeProjects/coding/production/courses/ftiad_big_data/iot_flink_pipeline/.venv/lib/python3.11/site-packages/apache_beam/runners/worker/sdk_worker.py", line 386, in <lambda>
    lambda: self.create_worker().do_instruction(request), request)
            ^^^^^^^^^^^^^^^^^^^^^^^^^^^^^^^^^^^^^^^^^^^^
  File "/Users/dmitrijkanevskij/VS_CodeProjects/coding/production/courses/ftiad_big_data/iot_flink_pipeline/.venv/lib/python3.11/site-packages/apache_beam/runners/worker/sdk_worker.py", line 656, in do_instruction
    return getattr(self, request_type)(
           ^^^^^^^^^^^^^^^^^^^^^^^^^^^^
  File "/Users/dmitrijkanevskij/VS_CodeProjects/coding/production/courses/ftiad_big_data/iot_flink_pipeline/.venv/lib/python3.11/site-packages/apache_beam/runners/worker/sdk_worker.py", line 687, in process_bundle
    bundle_processor = self.bundle_processor_cache.get(
                       ^^^^^^^^^^^^^^^^^^^^^^^^^^^^^^^^
  File "/Users/dmitrijkanevskij/VS_CodeProjects/coding/production/courses/ftiad_big_data/iot_flink_pipeline/.venv/lib/python3.11/site-packages/apache_beam/runners/worker/sdk_worker.py", line 510, in get
    processor = bundle_processor.BundleProcessor(
                ^^^^^^^^^^^^^^^^^^^^^^^^^^^^^^^^^
  File "/Users/dmitrijkanevskij/VS_CodeProjects/coding/production/courses/ftiad_big_data/iot_flink_pipeline/.venv/lib/python3.11/site-packages/apache_beam/runners/worker/bundle_processor.py", line 1133, in __init__
    self.ops = self.create_execution_tree(self.process_bundle_descriptor)
               ^^^^^^^^^^^^^^^^^^^^^^^^^^^^^^^^^^^^^^^^^^^^^^^^^^^^^^^^^^
  File "/Users/dmitrijkanevskij/VS_CodeProjects/coding/production/courses/ftiad_big_data/iot_flink_pipeline/.venv/lib/python3.11/site-packages/apache_beam/runners/worker/bundle_processor.py", line 1190, in create_execution_tree
    return collections.OrderedDict([(
                                   ^^
  File "/Users/dmitrijkanevskij/VS_CodeProjects/coding/production/courses/ftiad_big_data/iot_flink_pipeline/.venv/lib/python3.11/site-packages/apache_beam/runners/worker/bundle_processor.py", line 1193, in <listcomp>
    get_operation(transform_id))) for transform_id in sorted(
    ^^^^^^^^^^^^^^^^^^^^^^^^^^^
  File "/Users/dmitrijkanevskij/VS_CodeProjects/coding/production/courses/ftiad_big_data/iot_flink_pipeline/.venv/lib/python3.11/site-packages/apache_beam/runners/worker/bundle_processor.py", line 1038, in wrapper
    result = cache[args] = func(*args)
                           ^^^^^^^^^^^
  File "/Users/dmitrijkanevskij/VS_CodeProjects/coding/production/courses/ftiad_big_data/iot_flink_pipeline/.venv/lib/python3.11/site-packages/apache_beam/runners/worker/bundle_processor.py", line 1167, in get_operation
    transform_consumers = {
                          ^
  File "/Users/dmitrijkanevskij/VS_CodeProjects/coding/production/courses/ftiad_big_data/iot_flink_pipeline/.venv/lib/python3.11/site-packages/apache_beam/runners/worker/bundle_processor.py", line 1168, in <dictcomp>
    tag: [get_operation(op) for op in pcoll_consumers[pcoll_id]]
         ^^^^^^^^^^^^^^^^^^^^^^^^^^^^^^^^^^^^^^^^^^^^^^^^^^^^^^^
  File "/Users/dmitrijkanevskij/VS_CodeProjects/coding/production/courses/ftiad_big_data/iot_flink_pipeline/.venv/lib/python3.11/site-packages/apache_beam/runners/worker/bundle_processor.py", line 1168, in <listcomp>
    tag: [get_operation(op) for op in pcoll_consumers[pcoll_id]]
          ^^^^^^^^^^^^^^^^^
  File "/Users/dmitrijkanevskij/VS_CodeProjects/coding/production/courses/ftiad_big_data/iot_flink_pipeline/.venv/lib/python3.11/site-packages/apache_beam/runners/worker/bundle_processor.py", line 1038, in wrapper
    result = cache[args] = func(*args)
                           ^^^^^^^^^^^
  File "/Users/dmitrijkanevskij/VS_CodeProjects/coding/production/courses/ftiad_big_data/iot_flink_pipeline/.venv/lib/python3.11/site-packages/apache_beam/runners/worker/bundle_processor.py", line 1178, in get_operation
    return transform_factory.create_operation(
           ^^^^^^^^^^^^^^^^^^^^^^^^^^^^^^^^^^^
  File "/Users/dmitrijkanevskij/VS_CodeProjects/coding/production/courses/ftiad_big_data/iot_flink_pipeline/.venv/lib/python3.11/site-packages/apache_beam/runners/worker/bundle_processor.py", line 1498, in create_operation
    return creator(self, transform_id, transform_proto, payload, consumers)
           ^^^^^^^^^^^^^^^^^^^^^^^^^^^^^^^^^^^^^^^^^^^^^^^^^^^^^^^^^^^^^^^^
  File "/Users/dmitrijkanevskij/VS_CodeProjects/coding/production/courses/ftiad_big_data/iot_flink_pipeline/.venv/lib/python3.11/site-packages/pyflink/fn_execution/beam/beam_operations.py", line 137, in create_data_stream_keyed_process_function
    return _create_user_defined_function_operation(
           ^^^^^^^^^^^^^^^^^^^^^^^^^^^^^^^^^^^^^^^^
  File "/Users/dmitrijkanevskij/VS_CodeProjects/coding/production/courses/ftiad_big_data/iot_flink_pipeline/.venv/lib/python3.11/site-packages/pyflink/fn_execution/beam/beam_operations.py", line 207, in _create_user_defined_function_operation
    return beam_operation_cls(
           ^^^^^^^^^^^^^^^^^^^
  File "pyflink/fn_execution/beam/beam_operations_fast.pyx", line 249, in pyflink.fn_execution.beam.beam_operations_fast.StatefulFunctionOperation.__init__
  File "pyflink/fn_execution/beam/beam_operations_fast.pyx", line 132, in pyflink.fn_execution.beam.beam_operations_fast.FunctionOperation.__init__
  File "/Users/dmitrijkanevskij/VS_CodeProjects/coding/production/courses/ftiad_big_data/iot_flink_pipeline/.venv/lib/python3.11/site-packages/pyflink/fn_execution/datastream/process/operations.py", line 127, in open
    self.open_func()
  File "/Users/dmitrijkanevskij/VS_CodeProjects/coding/production/courses/ftiad_big_data/iot_flink_pipeline/.venv/lib/python3.11/site-packages/pyflink/fn_execution/datastream/process/operations.py", line 430, in open_func
    window_operator.open(runtime_context, internal_timer_service)
  File "/Users/dmitrijkanevskij/VS_CodeProjects/coding/production/courses/ftiad_big_data/iot_flink_pipeline/.venv/lib/python3.11/site-packages/pyflink/fn_execution/datastream/window/window_operator.py", line 319, in open
    self.window_state = get_or_create_keyed_state(
                        ^^^^^^^^^^^^^^^^^^^^^^^^^^
  File "/Users/dmitrijkanevskij/VS_CodeProjects/coding/production/courses/ftiad_big_data/iot_flink_pipeline/.venv/lib/python3.11/site-packages/pyflink/fn_execution/datastream/window/window_operator.py", line 44, in get_or_create_keyed_state
    state = runtime_context.get_list_state(state_descriptor)
            ^^^^^^^^^^^^^^^^^^^^^^^^^^^^^^^^^^^^^^^^^^^^^^^^
  File "/Users/dmitrijkanevskij/VS_CodeProjects/coding/production/courses/ftiad_big_data/iot_flink_pipeline/.venv/lib/python3.11/site-packages/pyflink/fn_execution/datastream/process/runtime_context.py", line 115, in get_list_state
    array_coder = from_type_info(state_descriptor.type_info)  # type: GenericArrayCoder
                  ^^^^^^^^^^^^^^^^^^^^^^^^^^^^^^^^^^^^^^^^^^
  File "/Users/dmitrijkanevskij/VS_CodeProjects/coding/production/courses/ftiad_big_data/iot_flink_pipeline/.venv/lib/python3.11/site-packages/pyflink/fn_execution/coders.py", line 809, in from_type_info
    return GenericArrayCoder(from_type_info(type_info.elem_type))
                             ^^^^^^^^^^^^^^^^^^^^^^^^^^^^^^^^^^^
  File "/Users/dmitrijkanevskij/VS_CodeProjects/coding/production/courses/ftiad_big_data/iot_flink_pipeline/.venv/lib/python3.11/site-packages/pyflink/fn_execution/coders.py", line 821, in from_type_info
    return from_type_info(type_info._type_info)
           ^^^^^^^^^^^^^^^^^^^^^^^^^^^^^^^^^^^^
  File "/Users/dmitrijkanevskij/VS_CodeProjects/coding/production/courses/ftiad_big_data/iot_flink_pipeline/.venv/lib/python3.11/site-packages/pyflink/fn_execution/coders.py", line 818, in from_type_info
    [from_type_info(f) for f in type_info.get_field_types()],
    ^^^^^^^^^^^^^^^^^^^^^^^^^^^^^^^^^^^^^^^^^^^^^^^^^^^^^^^^
  File "/Users/dmitrijkanevskij/VS_CodeProjects/coding/production/courses/ftiad_big_data/iot_flink_pipeline/.venv/lib/python3.11/site-packages/pyflink/fn_execution/coders.py", line 818, in <listcomp>
    [from_type_info(f) for f in type_info.get_field_types()],
     ^^^^^^^^^^^^^^^^^
  File "/Users/dmitrijkanevskij/VS_CodeProjects/coding/production/courses/ftiad_big_data/iot_flink_pipeline/.venv/lib/python3.11/site-packages/pyflink/fn_execution/coders.py", line 825, in from_type_info
    raise ValueError("Unsupported type_info %s." % type_info)
ValueError: Unsupported type_info LocalTimeTypeInfo<LOCAL_DATE_TIME>.

Exception in thread read_grpc_client_inputs:
Traceback (most recent call last):
  File "/Users/dmitrijkanevskij/.pyenv/versions/3.11.8/lib/python3.11/threading.py", line 1045, in _bootstrap_inner
    self.run()
  File "/Users/dmitrijkanevskij/.pyenv/versions/3.11.8/lib/python3.11/threading.py", line 982, in run
    self._target(*self._args, **self._kwargs)
  File "/Users/dmitrijkanevskij/VS_CodeProjects/coding/production/courses/ftiad_big_data/iot_flink_pipeline/.venv/lib/python3.11/site-packages/apache_beam/runners/worker/data_plane.py", line 721, in <lambda>
    target=lambda: self._read_inputs(elements_iterator),
                   ^^^^^^^^^^^^^^^^^^^^^^^^^^^^^^^^^^^^
  File "/Users/dmitrijkanevskij/VS_CodeProjects/coding/production/courses/ftiad_big_data/iot_flink_pipeline/.venv/lib/python3.11/site-packages/apache_beam/runners/worker/data_plane.py", line 704, in _read_inputs
    for elements in elements_iterator:
  File "/Users/dmitrijkanevskij/VS_CodeProjects/coding/production/courses/ftiad_big_data/iot_flink_pipeline/.venv/lib/python3.11/site-packages/grpc/_channel.py", line 543, in __next__
    return self._next()
           ^^^^^^^^^^^^
  File "/Users/dmitrijkanevskij/VS_CodeProjects/coding/production/courses/ftiad_big_data/iot_flink_pipeline/.venv/lib/python3.11/site-packages/grpc/_channel.py", line 969, in _next
    raise self
grpc._channel._MultiThreadedRendezvous: <_MultiThreadedRendezvous of RPC that terminated with:
	status = StatusCode.CANCELLED
	details = "Multiplexer hanging up"
	debug_error_string = "UNKNOWN:Error received from peer ipv6:%5B::1%5D:50465 {created_time:"2026-06-03T14:14:52.268709+03:00", grpc_status:1, grpc_message:"Multiplexer hanging up"}"
>
Traceback (most recent call last):
  File "/Users/dmitrijkanevskij/VS_CodeProjects/coding/production/courses/ftiad_big_data/iot_flink_pipeline/.venv/lib/python3.11/site-packages/apache_beam/runners/worker/data_plane.py", line 539, in input_elements
    element = received.get(timeout=1)
              ^^^^^^^^^^^^^^^^^^^^^^^
  File "/Users/dmitrijkanevskij/.pyenv/versions/3.11.8/lib/python3.11/queue.py", line 179, in get
    raise Empty
_queue.Empty

During handling of the above exception, another exception occurred:

Traceback (most recent call last):
  File "/Users/dmitrijkanevskij/VS_CodeProjects/coding/production/courses/ftiad_big_data/iot_flink_pipeline/.venv/lib/python3.11/site-packages/apache_beam/runners/worker/sdk_worker.py", line 311, in _execute
    response = task()
               ^^^^^^
  File "/Users/dmitrijkanevskij/VS_CodeProjects/coding/production/courses/ftiad_big_data/iot_flink_pipeline/.venv/lib/python3.11/site-packages/apache_beam/runners/worker/sdk_worker.py", line 386, in <lambda>
    lambda: self.create_worker().do_instruction(request), request)
            ^^^^^^^^^^^^^^^^^^^^^^^^^^^^^^^^^^^^^^^^^^^^
  File "/Users/dmitrijkanevskij/VS_CodeProjects/coding/production/courses/ftiad_big_data/iot_flink_pipeline/.venv/lib/python3.11/site-packages/apache_beam/runners/worker/sdk_worker.py", line 656, in do_instruction
    return getattr(self, request_type)(
           ^^^^^^^^^^^^^^^^^^^^^^^^^^^^
  File "/Users/dmitrijkanevskij/VS_CodeProjects/coding/production/courses/ftiad_big_data/iot_flink_pipeline/.venv/lib/python3.11/site-packages/apache_beam/runners/worker/sdk_worker.py", line 694, in process_bundle
    bundle_processor.process_bundle(instruction_id))
    ^^^^^^^^^^^^^^^^^^^^^^^^^^^^^^^^^^^^^^^^^^^^^^^
  File "/Users/dmitrijkanevskij/VS_CodeProjects/coding/production/courses/ftiad_big_data/iot_flink_pipeline/.venv/lib/python3.11/site-packages/apache_beam/runners/worker/bundle_processor.py", line 1261, in process_bundle
    for element in data_channel.input_elements(instruction_id,
  File "/Users/dmitrijkanevskij/VS_CodeProjects/coding/production/courses/ftiad_big_data/iot_flink_pipeline/.venv/lib/python3.11/site-packages/apache_beam/runners/worker/data_plane.py", line 542, in input_elements
    raise RuntimeError('Channel closed prematurely.')
RuntimeError: Channel closed prematurely.

Traceback (most recent call last):
  File "/Users/dmitrijkanevskij/VS_CodeProjects/coding/production/courses/ftiad_big_data/iot_flink_pipeline/.venv/lib/python3.11/site-packages/apache_beam/runners/worker/sdk_worker.py", line 311, in _execute
    response = task()
               ^^^^^^
  File "/Users/dmitrijkanevskij/VS_CodeProjects/coding/production/courses/ftiad_big_data/iot_flink_pipeline/.venv/lib/python3.11/site-packages/apache_beam/runners/worker/sdk_worker.py", line 386, in <lambda>
    lambda: self.create_worker().do_instruction(request), request)
            ^^^^^^^^^^^^^^^^^^^^^^^^^^^^^^^^^^^^^^^^^^^^
  File "/Users/dmitrijkanevskij/VS_CodeProjects/coding/production/courses/ftiad_big_data/iot_flink_pipeline/.venv/lib/python3.11/site-packages/apache_beam/runners/worker/sdk_worker.py", line 656, in do_instruction
    return getattr(self, request_type)(
           ^^^^^^^^^^^^^^^^^^^^^^^^^^^^
  File "/Users/dmitrijkanevskij/VS_CodeProjects/coding/production/courses/ftiad_big_data/iot_flink_pipeline/.venv/lib/python3.11/site-packages/apache_beam/runners/worker/sdk_worker.py", line 687, in process_bundle
    bundle_processor = self.bundle_processor_cache.get(
                       ^^^^^^^^^^^^^^^^^^^^^^^^^^^^^^^^
  File "/Users/dmitrijkanevskij/VS_CodeProjects/coding/production/courses/ftiad_big_data/iot_flink_pipeline/.venv/lib/python3.11/site-packages/apache_beam/runners/worker/sdk_worker.py", line 510, in get
    processor = bundle_processor.BundleProcessor(
                ^^^^^^^^^^^^^^^^^^^^^^^^^^^^^^^^^
  File "/Users/dmitrijkanevskij/VS_CodeProjects/coding/production/courses/ftiad_big_data/iot_flink_pipeline/.venv/lib/python3.11/site-packages/apache_beam/runners/worker/bundle_processor.py", line 1133, in __init__
    self.ops = self.create_execution_tree(self.process_bundle_descriptor)
               ^^^^^^^^^^^^^^^^^^^^^^^^^^^^^^^^^^^^^^^^^^^^^^^^^^^^^^^^^^
  File "/Users/dmitrijkanevskij/VS_CodeProjects/coding/production/courses/ftiad_big_data/iot_flink_pipeline/.venv/lib/python3.11/site-packages/apache_beam/runners/worker/bundle_processor.py", line 1190, in create_execution_tree
    return collections.OrderedDict([(
                                   ^^
  File "/Users/dmitrijkanevskij/VS_CodeProjects/coding/production/courses/ftiad_big_data/iot_flink_pipeline/.venv/lib/python3.11/site-packages/apache_beam/runners/worker/bundle_processor.py", line 1193, in <listcomp>
    get_operation(transform_id))) for transform_id in sorted(
    ^^^^^^^^^^^^^^^^^^^^^^^^^^^
  File "/Users/dmitrijkanevskij/VS_CodeProjects/coding/production/courses/ftiad_big_data/iot_flink_pipeline/.venv/lib/python3.11/site-packages/apache_beam/runners/worker/bundle_processor.py", line 1038, in wrapper
    result = cache[args] = func(*args)
                           ^^^^^^^^^^^
  File "/Users/dmitrijkanevskij/VS_CodeProjects/coding/production/courses/ftiad_big_data/iot_flink_pipeline/.venv/lib/python3.11/site-packages/apache_beam/runners/worker/bundle_processor.py", line 1167, in get_operation
    transform_consumers = {
                          ^
  File "/Users/dmitrijkanevskij/VS_CodeProjects/coding/production/courses/ftiad_big_data/iot_flink_pipeline/.venv/lib/python3.11/site-packages/apache_beam/runners/worker/bundle_processor.py", line 1168, in <dictcomp>
    tag: [get_operation(op) for op in pcoll_consumers[pcoll_id]]
         ^^^^^^^^^^^^^^^^^^^^^^^^^^^^^^^^^^^^^^^^^^^^^^^^^^^^^^^
  File "/Users/dmitrijkanevskij/VS_CodeProjects/coding/production/courses/ftiad_big_data/iot_flink_pipeline/.venv/lib/python3.11/site-packages/apache_beam/runners/worker/bundle_processor.py", line 1168, in <listcomp>
    tag: [get_operation(op) for op in pcoll_consumers[pcoll_id]]
          ^^^^^^^^^^^^^^^^^
  File "/Users/dmitrijkanevskij/VS_CodeProjects/coding/production/courses/ftiad_big_data/iot_flink_pipeline/.venv/lib/python3.11/site-packages/apache_beam/runners/worker/bundle_processor.py", line 1038, in wrapper
    result = cache[args] = func(*args)
                           ^^^^^^^^^^^
  File "/Users/dmitrijkanevskij/VS_CodeProjects/coding/production/courses/ftiad_big_data/iot_flink_pipeline/.venv/lib/python3.11/site-packages/apache_beam/runners/worker/bundle_processor.py", line 1178, in get_operation
    return transform_factory.create_operation(
           ^^^^^^^^^^^^^^^^^^^^^^^^^^^^^^^^^^^
  File "/Users/dmitrijkanevskij/VS_CodeProjects/coding/production/courses/ftiad_big_data/iot_flink_pipeline/.venv/lib/python3.11/site-packages/apache_beam/runners/worker/bundle_processor.py", line 1498, in create_operation
    return creator(self, transform_id, transform_proto, payload, consumers)
           ^^^^^^^^^^^^^^^^^^^^^^^^^^^^^^^^^^^^^^^^^^^^^^^^^^^^^^^^^^^^^^^^
  File "/Users/dmitrijkanevskij/VS_CodeProjects/coding/production/courses/ftiad_big_data/iot_flink_pipeline/.venv/lib/python3.11/site-packages/pyflink/fn_execution/beam/beam_operations.py", line 137, in create_data_stream_keyed_process_function
    return _create_user_defined_function_operation(
           ^^^^^^^^^^^^^^^^^^^^^^^^^^^^^^^^^^^^^^^^
  File "/Users/dmitrijkanevskij/VS_CodeProjects/coding/production/courses/ftiad_big_data/iot_flink_pipeline/.venv/lib/python3.11/site-packages/pyflink/fn_execution/beam/beam_operations.py", line 207, in _create_user_defined_function_operation
    return beam_operation_cls(
           ^^^^^^^^^^^^^^^^^^^
  File "pyflink/fn_execution/beam/beam_operations_fast.pyx", line 249, in pyflink.fn_execution.beam.beam_operations_fast.StatefulFunctionOperation.__init__
  File "pyflink/fn_execution/beam/beam_operations_fast.pyx", line 132, in pyflink.fn_execution.beam.beam_operations_fast.FunctionOperation.__init__
  File "/Users/dmitrijkanevskij/VS_CodeProjects/coding/production/courses/ftiad_big_data/iot_flink_pipeline/.venv/lib/python3.11/site-packages/pyflink/fn_execution/datastream/process/operations.py", line 127, in open
    self.open_func()
  File "/Users/dmitrijkanevskij/VS_CodeProjects/coding/production/courses/ftiad_big_data/iot_flink_pipeline/.venv/lib/python3.11/site-packages/pyflink/fn_execution/datastream/process/operations.py", line 430, in open_func
    window_operator.open(runtime_context, internal_timer_service)
  File "/Users/dmitrijkanevskij/VS_CodeProjects/coding/production/courses/ftiad_big_data/iot_flink_pipeline/.venv/lib/python3.11/site-packages/pyflink/fn_execution/datastream/window/window_operator.py", line 319, in open
    self.window_state = get_or_create_keyed_state(
                        ^^^^^^^^^^^^^^^^^^^^^^^^^^
  File "/Users/dmitrijkanevskij/VS_CodeProjects/coding/production/courses/ftiad_big_data/iot_flink_pipeline/.venv/lib/python3.11/site-packages/pyflink/fn_execution/datastream/window/window_operator.py", line 44, in get_or_create_keyed_state
    state = runtime_context.get_list_state(state_descriptor)
            ^^^^^^^^^^^^^^^^^^^^^^^^^^^^^^^^^^^^^^^^^^^^^^^^
  File "/Users/dmitrijkanevskij/VS_CodeProjects/coding/production/courses/ftiad_big_data/iot_flink_pipeline/.venv/lib/python3.11/site-packages/pyflink/fn_execution/datastream/process/runtime_context.py", line 115, in get_list_state
    array_coder = from_type_info(state_descriptor.type_info)  # type: GenericArrayCoder
                  ^^^^^^^^^^^^^^^^^^^^^^^^^^^^^^^^^^^^^^^^^^
  File "/Users/dmitrijkanevskij/VS_CodeProjects/coding/production/courses/ftiad_big_data/iot_flink_pipeline/.venv/lib/python3.11/site-packages/pyflink/fn_execution/coders.py", line 809, in from_type_info
    return GenericArrayCoder(from_type_info(type_info.elem_type))
                             ^^^^^^^^^^^^^^^^^^^^^^^^^^^^^^^^^^^
  File "/Users/dmitrijkanevskij/VS_CodeProjects/coding/production/courses/ftiad_big_data/iot_flink_pipeline/.venv/lib/python3.11/site-packages/pyflink/fn_execution/coders.py", line 821, in from_type_info
    return from_type_info(type_info._type_info)
           ^^^^^^^^^^^^^^^^^^^^^^^^^^^^^^^^^^^^
  File "/Users/dmitrijkanevskij/VS_CodeProjects/coding/production/courses/ftiad_big_data/iot_flink_pipeline/.venv/lib/python3.11/site-packages/pyflink/fn_execution/coders.py", line 818, in from_type_info
    [from_type_info(f) for f in type_info.get_field_types()],
    ^^^^^^^^^^^^^^^^^^^^^^^^^^^^^^^^^^^^^^^^^^^^^^^^^^^^^^^^
  File "/Users/dmitrijkanevskij/VS_CodeProjects/coding/production/courses/ftiad_big_data/iot_flink_pipeline/.venv/lib/python3.11/site-packages/pyflink/fn_execution/coders.py", line 818, in <listcomp>
    [from_type_info(f) for f in type_info.get_field_types()],
     ^^^^^^^^^^^^^^^^^
  File "/Users/dmitrijkanevskij/VS_CodeProjects/coding/production/courses/ftiad_big_data/iot_flink_pipeline/.venv/lib/python3.11/site-packages/pyflink/fn_execution/coders.py", line 825, in from_type_info
    raise ValueError("Unsupported type_info %s." % type_info)
ValueError: Unsupported type_info LocalTimeTypeInfo<LOCAL_DATE_TIME>.

Exception in thread read_grpc_client_inputs:
Traceback (most recent call last):
  File "/Users/dmitrijkanevskij/.pyenv/versions/3.11.8/lib/python3.11/threading.py", line 1045, in _bootstrap_inner
    self.run()
  File "/Users/dmitrijkanevskij/.pyenv/versions/3.11.8/lib/python3.11/threading.py", line 982, in run
    self._target(*self._args, **self._kwargs)
  File "/Users/dmitrijkanevskij/VS_CodeProjects/coding/production/courses/ftiad_big_data/iot_flink_pipeline/.venv/lib/python3.11/site-packages/apache_beam/runners/worker/data_plane.py", line 721, in <lambda>
    target=lambda: self._read_inputs(elements_iterator),
                   ^^^^^^^^^^^^^^^^^^^^^^^^^^^^^^^^^^^^
  File "/Users/dmitrijkanevskij/VS_CodeProjects/coding/production/courses/ftiad_big_data/iot_flink_pipeline/.venv/lib/python3.11/site-packages/apache_beam/runners/worker/data_plane.py", line 704, in _read_inputs
    for elements in elements_iterator:
  File "/Users/dmitrijkanevskij/VS_CodeProjects/coding/production/courses/ftiad_big_data/iot_flink_pipeline/.venv/lib/python3.11/site-packages/grpc/_channel.py", line 543, in __next__
    return self._next()
           ^^^^^^^^^^^^
  File "/Users/dmitrijkanevskij/VS_CodeProjects/coding/production/courses/ftiad_big_data/iot_flink_pipeline/.venv/lib/python3.11/site-packages/grpc/_channel.py", line 969, in _next
    raise self
grpc._channel._MultiThreadedRendezvous: <_MultiThreadedRendezvous of RPC that terminated with:
	status = StatusCode.CANCELLED
	details = "Multiplexer hanging up"
	debug_error_string = "UNKNOWN:Error received from peer ipv6:%5B::1%5D:50648 {grpc_message:"Multiplexer hanging up", grpc_status:1, created_time:"2026-06-03T14:15:05.495892+03:00"}"
>
Traceback (most recent call last):
  File "/Users/dmitrijkanevskij/VS_CodeProjects/coding/production/courses/ftiad_big_data/iot_flink_pipeline/.venv/lib/python3.11/site-packages/apache_beam/runners/worker/data_plane.py", line 539, in input_elements
    element = received.get(timeout=1)
              ^^^^^^^^^^^^^^^^^^^^^^^
  File "/Users/dmitrijkanevskij/.pyenv/versions/3.11.8/lib/python3.11/queue.py", line 179, in get
    raise Empty
_queue.Empty

During handling of the above exception, another exception occurred:

Traceback (most recent call last):
  File "/Users/dmitrijkanevskij/VS_CodeProjects/coding/production/courses/ftiad_big_data/iot_flink_pipeline/.venv/lib/python3.11/site-packages/apache_beam/runners/worker/sdk_worker.py", line 311, in _execute
    response = task()
               ^^^^^^
  File "/Users/dmitrijkanevskij/VS_CodeProjects/coding/production/courses/ftiad_big_data/iot_flink_pipeline/.venv/lib/python3.11/site-packages/apache_beam/runners/worker/sdk_worker.py", line 386, in <lambda>
    lambda: self.create_worker().do_instruction(request), request)
            ^^^^^^^^^^^^^^^^^^^^^^^^^^^^^^^^^^^^^^^^^^^^
  File "/Users/dmitrijkanevskij/VS_CodeProjects/coding/production/courses/ftiad_big_data/iot_flink_pipeline/.venv/lib/python3.11/site-packages/apache_beam/runners/worker/sdk_worker.py", line 656, in do_instruction
    return getattr(self, request_type)(
           ^^^^^^^^^^^^^^^^^^^^^^^^^^^^
  File "/Users/dmitrijkanevskij/VS_CodeProjects/coding/production/courses/ftiad_big_data/iot_flink_pipeline/.venv/lib/python3.11/site-packages/apache_beam/runners/worker/sdk_worker.py", line 694, in process_bundle
    bundle_processor.process_bundle(instruction_id))
    ^^^^^^^^^^^^^^^^^^^^^^^^^^^^^^^^^^^^^^^^^^^^^^^
  File "/Users/dmitrijkanevskij/VS_CodeProjects/coding/production/courses/ftiad_big_data/iot_flink_pipeline/.venv/lib/python3.11/site-packages/apache_beam/runners/worker/bundle_processor.py", line 1261, in process_bundle
    for element in data_channel.input_elements(instruction_id,
  File "/Users/dmitrijkanevskij/VS_CodeProjects/coding/production/courses/ftiad_big_data/iot_flink_pipeline/.venv/lib/python3.11/site-packages/apache_beam/runners/worker/data_plane.py", line 542, in input_elements
    raise RuntimeError('Channel closed prematurely.')
RuntimeError: Channel closed prematurely.

Traceback (most recent call last):
  File "/Users/dmitrijkanevskij/VS_CodeProjects/coding/production/courses/ftiad_big_data/iot_flink_pipeline/.venv/lib/python3.11/site-packages/apache_beam/runners/worker/sdk_worker.py", line 311, in _execute
    response = task()
               ^^^^^^
  File "/Users/dmitrijkanevskij/VS_CodeProjects/coding/production/courses/ftiad_big_data/iot_flink_pipeline/.venv/lib/python3.11/site-packages/apache_beam/runners/worker/sdk_worker.py", line 386, in <lambda>
    lambda: self.create_worker().do_instruction(request), request)
            ^^^^^^^^^^^^^^^^^^^^^^^^^^^^^^^^^^^^^^^^^^^^
  File "/Users/dmitrijkanevskij/VS_CodeProjects/coding/production/courses/ftiad_big_data/iot_flink_pipeline/.venv/lib/python3.11/site-packages/apache_beam/runners/worker/sdk_worker.py", line 656, in do_instruction
    return getattr(self, request_type)(
           ^^^^^^^^^^^^^^^^^^^^^^^^^^^^
  File "/Users/dmitrijkanevskij/VS_CodeProjects/coding/production/courses/ftiad_big_data/iot_flink_pipeline/.venv/lib/python3.11/site-packages/apache_beam/runners/worker/sdk_worker.py", line 687, in process_bundle
    bundle_processor = self.bundle_processor_cache.get(
                       ^^^^^^^^^^^^^^^^^^^^^^^^^^^^^^^^
  File "/Users/dmitrijkanevskij/VS_CodeProjects/coding/production/courses/ftiad_big_data/iot_flink_pipeline/.venv/lib/python3.11/site-packages/apache_beam/runners/worker/sdk_worker.py", line 510, in get
    processor = bundle_processor.BundleProcessor(
                ^^^^^^^^^^^^^^^^^^^^^^^^^^^^^^^^^
  File "/Users/dmitrijkanevskij/VS_CodeProjects/coding/production/courses/ftiad_big_data/iot_flink_pipeline/.venv/lib/python3.11/site-packages/apache_beam/runners/worker/bundle_processor.py", line 1133, in __init__
    self.ops = self.create_execution_tree(self.process_bundle_descriptor)
               ^^^^^^^^^^^^^^^^^^^^^^^^^^^^^^^^^^^^^^^^^^^^^^^^^^^^^^^^^^
  File "/Users/dmitrijkanevskij/VS_CodeProjects/coding/production/courses/ftiad_big_data/iot_flink_pipeline/.venv/lib/python3.11/site-packages/apache_beam/runners/worker/bundle_processor.py", line 1190, in create_execution_tree
    return collections.OrderedDict([(
                                   ^^
  File "/Users/dmitrijkanevskij/VS_CodeProjects/coding/production/courses/ftiad_big_data/iot_flink_pipeline/.venv/lib/python3.11/site-packages/apache_beam/runners/worker/bundle_processor.py", line 1193, in <listcomp>
    get_operation(transform_id))) for transform_id in sorted(
    ^^^^^^^^^^^^^^^^^^^^^^^^^^^
  File "/Users/dmitrijkanevskij/VS_CodeProjects/coding/production/courses/ftiad_big_data/iot_flink_pipeline/.venv/lib/python3.11/site-packages/apache_beam/runners/worker/bundle_processor.py", line 1038, in wrapper
    result = cache[args] = func(*args)
                           ^^^^^^^^^^^
  File "/Users/dmitrijkanevskij/VS_CodeProjects/coding/production/courses/ftiad_big_data/iot_flink_pipeline/.venv/lib/python3.11/site-packages/apache_beam/runners/worker/bundle_processor.py", line 1167, in get_operation
    transform_consumers = {
                          ^
  File "/Users/dmitrijkanevskij/VS_CodeProjects/coding/production/courses/ftiad_big_data/iot_flink_pipeline/.venv/lib/python3.11/site-packages/apache_beam/runners/worker/bundle_processor.py", line 1168, in <dictcomp>
    tag: [get_operation(op) for op in pcoll_consumers[pcoll_id]]
         ^^^^^^^^^^^^^^^^^^^^^^^^^^^^^^^^^^^^^^^^^^^^^^^^^^^^^^^
  File "/Users/dmitrijkanevskij/VS_CodeProjects/coding/production/courses/ftiad_big_data/iot_flink_pipeline/.venv/lib/python3.11/site-packages/apache_beam/runners/worker/bundle_processor.py", line 1168, in <listcomp>
    tag: [get_operation(op) for op in pcoll_consumers[pcoll_id]]
          ^^^^^^^^^^^^^^^^^
  File "/Users/dmitrijkanevskij/VS_CodeProjects/coding/production/courses/ftiad_big_data/iot_flink_pipeline/.venv/lib/python3.11/site-packages/apache_beam/runners/worker/bundle_processor.py", line 1038, in wrapper
    result = cache[args] = func(*args)
                           ^^^^^^^^^^^
  File "/Users/dmitrijkanevskij/VS_CodeProjects/coding/production/courses/ftiad_big_data/iot_flink_pipeline/.venv/lib/python3.11/site-packages/apache_beam/runners/worker/bundle_processor.py", line 1178, in get_operation
    return transform_factory.create_operation(
           ^^^^^^^^^^^^^^^^^^^^^^^^^^^^^^^^^^^
  File "/Users/dmitrijkanevskij/VS_CodeProjects/coding/production/courses/ftiad_big_data/iot_flink_pipeline/.venv/lib/python3.11/site-packages/apache_beam/runners/worker/bundle_processor.py", line 1498, in create_operation
    return creator(self, transform_id, transform_proto, payload, consumers)
           ^^^^^^^^^^^^^^^^^^^^^^^^^^^^^^^^^^^^^^^^^^^^^^^^^^^^^^^^^^^^^^^^
  File "/Users/dmitrijkanevskij/VS_CodeProjects/coding/production/courses/ftiad_big_data/iot_flink_pipeline/.venv/lib/python3.11/site-packages/pyflink/fn_execution/beam/beam_operations.py", line 137, in create_data_stream_keyed_process_function
    return _create_user_defined_function_operation(
           ^^^^^^^^^^^^^^^^^^^^^^^^^^^^^^^^^^^^^^^^
  File "/Users/dmitrijkanevskij/VS_CodeProjects/coding/production/courses/ftiad_big_data/iot_flink_pipeline/.venv/lib/python3.11/site-packages/pyflink/fn_execution/beam/beam_operations.py", line 207, in _create_user_defined_function_operation
    return beam_operation_cls(
           ^^^^^^^^^^^^^^^^^^^
  File "pyflink/fn_execution/beam/beam_operations_fast.pyx", line 249, in pyflink.fn_execution.beam.beam_operations_fast.StatefulFunctionOperation.__init__
  File "pyflink/fn_execution/beam/beam_operations_fast.pyx", line 132, in pyflink.fn_execution.beam.beam_operations_fast.FunctionOperation.__init__
  File "/Users/dmitrijkanevskij/VS_CodeProjects/coding/production/courses/ftiad_big_data/iot_flink_pipeline/.venv/lib/python3.11/site-packages/pyflink/fn_execution/datastream/process/operations.py", line 127, in open
    self.open_func()
  File "/Users/dmitrijkanevskij/VS_CodeProjects/coding/production/courses/ftiad_big_data/iot_flink_pipeline/.venv/lib/python3.11/site-packages/pyflink/fn_execution/datastream/process/operations.py", line 430, in open_func
    window_operator.open(runtime_context, internal_timer_service)
  File "/Users/dmitrijkanevskij/VS_CodeProjects/coding/production/courses/ftiad_big_data/iot_flink_pipeline/.venv/lib/python3.11/site-packages/pyflink/fn_execution/datastream/window/window_operator.py", line 319, in open
    self.window_state = get_or_create_keyed_state(
                        ^^^^^^^^^^^^^^^^^^^^^^^^^^
  File "/Users/dmitrijkanevskij/VS_CodeProjects/coding/production/courses/ftiad_big_data/iot_flink_pipeline/.venv/lib/python3.11/site-packages/pyflink/fn_execution/datastream/window/window_operator.py", line 44, in get_or_create_keyed_state
    state = runtime_context.get_list_state(state_descriptor)
            ^^^^^^^^^^^^^^^^^^^^^^^^^^^^^^^^^^^^^^^^^^^^^^^^
  File "/Users/dmitrijkanevskij/VS_CodeProjects/coding/production/courses/ftiad_big_data/iot_flink_pipeline/.venv/lib/python3.11/site-packages/pyflink/fn_execution/datastream/process/runtime_context.py", line 115, in get_list_state
    array_coder = from_type_info(state_descriptor.type_info)  # type: GenericArrayCoder
                  ^^^^^^^^^^^^^^^^^^^^^^^^^^^^^^^^^^^^^^^^^^
  File "/Users/dmitrijkanevskij/VS_CodeProjects/coding/production/courses/ftiad_big_data/iot_flink_pipeline/.venv/lib/python3.11/site-packages/pyflink/fn_execution/coders.py", line 809, in from_type_info
    return GenericArrayCoder(from_type_info(type_info.elem_type))
                             ^^^^^^^^^^^^^^^^^^^^^^^^^^^^^^^^^^^
  File "/Users/dmitrijkanevskij/VS_CodeProjects/coding/production/courses/ftiad_big_data/iot_flink_pipeline/.venv/lib/python3.11/site-packages/pyflink/fn_execution/coders.py", line 821, in from_type_info
    return from_type_info(type_info._type_info)
           ^^^^^^^^^^^^^^^^^^^^^^^^^^^^^^^^^^^^
  File "/Users/dmitrijkanevskij/VS_CodeProjects/coding/production/courses/ftiad_big_data/iot_flink_pipeline/.venv/lib/python3.11/site-packages/pyflink/fn_execution/coders.py", line 818, in from_type_info
    [from_type_info(f) for f in type_info.get_field_types()],
    ^^^^^^^^^^^^^^^^^^^^^^^^^^^^^^^^^^^^^^^^^^^^^^^^^^^^^^^^
  File "/Users/dmitrijkanevskij/VS_CodeProjects/coding/production/courses/ftiad_big_data/iot_flink_pipeline/.venv/lib/python3.11/site-packages/pyflink/fn_execution/coders.py", line 818, in <listcomp>
    [from_type_info(f) for f in type_info.get_field_types()],
     ^^^^^^^^^^^^^^^^^
  File "/Users/dmitrijkanevskij/VS_CodeProjects/coding/production/courses/ftiad_big_data/iot_flink_pipeline/.venv/lib/python3.11/site-packages/pyflink/fn_execution/coders.py", line 825, in from_type_info
    raise ValueError("Unsupported type_info %s." % type_info)
ValueError: Unsupported type_info LocalTimeTypeInfo<LOCAL_DATE_TIME>.

Traceback (most recent call last):
  File "/Users/dmitrijkanevskij/VS_CodeProjects/coding/production/courses/ftiad_big_data/iot_flink_pipeline/.venv/bin/run-flink-datastream-window-job", line 10, in <module>
    sys.exit(main())
             ^^^^^^
  File "/Users/dmitrijkanevskij/VS_CodeProjects/coding/production/courses/ftiad_big_data/iot_flink_pipeline/src/iot_flink_pipeline/entrypoints/run_flink_datastream_window_job.py", line 8, in main
    run()
  File "/Users/dmitrijkanevskij/VS_CodeProjects/coding/production/courses/ftiad_big_data/iot_flink_pipeline/src/iot_flink_pipeline/flink/jobs/table_join_to_datastream_kafka_job.py", line 37, in run
    env.execute("table-join-to-datastream-event-time-window-kafka-job")
  File "/Users/dmitrijkanevskij/VS_CodeProjects/coding/production/courses/ftiad_big_data/iot_flink_pipeline/.venv/lib/python3.11/site-packages/pyflink/datastream/stream_execution_environment.py", line 622, in execute
    return JobExecutionResult(self._j_stream_execution_environment.execute(j_stream_graph))
                              ^^^^^^^^^^^^^^^^^^^^^^^^^^^^^^^^^^^^^^^^^^^^^^^^^^^^^^^^^^^^
  File "/Users/dmitrijkanevskij/VS_CodeProjects/coding/production/courses/ftiad_big_data/iot_flink_pipeline/.venv/lib/python3.11/site-packages/py4j/java_gateway.py", line 1321, in __call__
    answer = self.gateway_client.send_command(command)
             ^^^^^^^^^^^^^^^^^^^^^^^^^^^^^^^^^^^^^^^^^
  File "/Users/dmitrijkanevskij/VS_CodeProjects/coding/production/courses/ftiad_big_data/iot_flink_pipeline/.venv/lib/python3.11/site-packages/py4j/java_gateway.py", line 1038, in send_command
    response = connection.send_command(command)
               ^^^^^^^^^^^^^^^^^^^^^^^^^^^^^^^^
  File "/Users/dmitrijkanevskij/VS_CodeProjects/coding/production/courses/ftiad_big_data/iot_flink_pipeline/.venv/lib/python3.11/site-packages/py4j/java_gateway.py", line 1217, in send_command
    answer = smart_decode(self.stream.readline()[:-1])
                          ^^^^^^^^^^^^^^^^^^^^^^
  File "/Users/dmitrijkanevskij/.pyenv/versions/3.11.8/lib/python3.11/socket.py", line 706, in readinto
    return self._sock.recv_into(b)
           ^^^^^^^^^^^^^^^^^^^^^^^
KeyboardInterrupt
