warning: The `extra-build-dependencies` option is experimental and may change without warning. Pass `--preview-features extra-build-dependencies` to disable this warning.
2026-06-03 14:12:54,659 INFO iot_flink_pipeline.flink.jobs.table_only_upsert_job - Starting job: Table source/window -> Table join -> upsert-kafka sink
2026-06-03 14:12:56,135 INFO apache_beam.typehints.native_type_compatibility - Using Any for unsupported type: typing.Sequence[~T]
2026-06-03 14:12:56,265 INFO apache_beam.io.gcp.bigquery - No module named google.cloud.bigquery_storage_v1. As a result, the ReadFromBigQuery transform *CANNOT* be used with `method=DIRECT_READ`.
2026-06-03 14:15:53,041 ERROR root - KeyboardInterrupt while sending command.
Traceback (most recent call last):
  File "/Users/dmitrijkanevskij/VS_CodeProjects/coding/production/courses/ftiad_big_data/iot_flink_pipeline/.venv/lib/python3.11/site-packages/py4j/java_gateway.py", line 1038, in send_command
    response = connection.send_command(command)
               ^^^^^^^^^^^^^^^^^^^^^^^^^^^^^^^^
  File "/Users/dmitrijkanevskij/VS_CodeProjects/coding/production/courses/ftiad_big_data/iot_flink_pipeline/.venv/lib/python3.11/site-packages/py4j/java_gateway.py", line 1217, in send_command
    answer = smart_decode(self.stream.readline()[:-1])
                          ^^^^^^^^^^^^^^^^^^^^^^
  File "/Users/dmitrijkanevskij/.pyenv/versions/3.11.8/lib/python3.11/socket.py", line 706, in readinto
    return self._sock.recv_into(b)
           ^^^^^^^^^^^^^^^^^^^^^^^
KeyboardInterrupt
Traceback (most recent call last):
  File "/Users/dmitrijkanevskij/VS_CodeProjects/coding/production/courses/ftiad_big_data/iot_flink_pipeline/.venv/bin/run-flink-table-upsert-job", line 10, in <module>
    sys.exit(main())
             ^^^^^^
  File "/Users/dmitrijkanevskij/VS_CodeProjects/coding/production/courses/ftiad_big_data/iot_flink_pipeline/src/iot_flink_pipeline/entrypoints/run_flink_table_upsert_job.py", line 7, in main
    run()
  File "/Users/dmitrijkanevskij/VS_CodeProjects/coding/production/courses/ftiad_big_data/iot_flink_pipeline/src/iot_flink_pipeline/flink/jobs/table_only_upsert_job.py", line 74, in run
    run_table_window_upsert(t_env)
  File "/Users/dmitrijkanevskij/VS_CodeProjects/coding/production/courses/ftiad_big_data/iot_flink_pipeline/src/iot_flink_pipeline/flink/jobs/table_only_upsert_job.py", line 62, in run_table_window_upsert
    result.wait()
  File "/Users/dmitrijkanevskij/VS_CodeProjects/coding/production/courses/ftiad_big_data/iot_flink_pipeline/.venv/lib/python3.11/site-packages/pyflink/table/table_result.py", line 76, in wait
    get_method(self._j_table_result, "await")()
  File "/Users/dmitrijkanevskij/VS_CodeProjects/coding/production/courses/ftiad_big_data/iot_flink_pipeline/.venv/lib/python3.11/site-packages/py4j/java_gateway.py", line 1321, in __call__
    answer = self.gateway_client.send_command(command)
             ^^^^^^^^^^^^^^^^^^^^^^^^^^^^^^^^^^^^^^^^^
  File "/Users/dmitrijkanevskij/VS_CodeProjects/coding/production/courses/ftiad_big_data/iot_flink_pipeline/.venv/lib/python3.11/site-packages/py4j/java_gateway.py", line 1038, in send_command
    response = connection.send_command(command)
               ^^^^^^^^^^^^^^^^^^^^^^^^^^^^^^^^
  File "/Users/dmitrijkanevskij/VS_CodeProjects/coding/production/courses/ftiad_big_data/iot_flink_pipeline/.venv/lib/python3.11/site-packages/py4j/java_gateway.py", line 1217, in send_command
    answer = smart_decode(self.stream.readline()[:-1])
                          ^^^^^^^^^^^^^^^^^^^^^^
  File "/Users/dmitrijkanevskij/.pyenv/versions/3.11.8/lib/python3.11/socket.py", line 706, in readinto
    return self._sock.recv_into(b)
           ^^^^^^^^^^^^^^^^^^^^^^^
KeyboardInterrupt
